Archive member included to satisfy reference by file (symbol)

c:/st/stm32cubeide_1.7.0/stm32cubeide/plugins/com.st.stm32cube.ide.mcu.externaltools.gnu-tools-for-stm32.9-2020-q2-update.win32_2.0.0.202105311346/tools/bin/../lib/gcc/arm-none-eabi/9.3.1/../../../../arm-none-eabi/lib/thumb/v7e-m+fp/hard\libc_nano.a(lib_a-errno.o)
                              ./Core/Src/syscalls.o (__errno)
c:/st/stm32cubeide_1.7.0/stm32cubeide/plugins/com.st.stm32cube.ide.mcu.externaltools.gnu-tools-for-stm32.9-2020-q2-update.win32_2.0.0.202105311346/tools/bin/../lib/gcc/arm-none-eabi/9.3.1/../../../../arm-none-eabi/lib/thumb/v7e-m+fp/hard\libc_nano.a(lib_a-exit.o)
                              c:/st/stm32cubeide_1.7.0/stm32cubeide/plugins/com.st.stm32cube.ide.mcu.externaltools.gnu-tools-for-stm32.9-2020-q2-update.win32_2.0.0.202105311346/tools/bin/../lib/gcc/arm-none-eabi/9.3.1/../../../../arm-none-eabi/lib/thumb/v7e-m+fp/hard/crt0.o (exit)
c:/st/stm32cubeide_1.7.0/stm32cubeide/plugins/com.st.stm32cube.ide.mcu.externaltools.gnu-tools-for-stm32.9-2020-q2-update.win32_2.0.0.202105311346/tools/bin/../lib/gcc/arm-none-eabi/9.3.1/../../../../arm-none-eabi/lib/thumb/v7e-m+fp/hard\libc_nano.a(lib_a-impure.o)
                              c:/st/stm32cubeide_1.7.0/stm32cubeide/plugins/com.st.stm32cube.ide.mcu.externaltools.gnu-tools-for-stm32.9-2020-q2-update.win32_2.0.0.202105311346/tools/bin/../lib/gcc/arm-none-eabi/9.3.1/../../../../arm-none-eabi/lib/thumb/v7e-m+fp/hard\libc_nano.a(lib_a-exit.o) (_global_impure_ptr)
c:/st/stm32cubeide_1.7.0/stm32cubeide/plugins/com.st.stm32cube.ide.mcu.externaltools.gnu-tools-for-stm32.9-2020-q2-update.win32_2.0.0.202105311346/tools/bin/../lib/gcc/arm-none-eabi/9.3.1/../../../../arm-none-eabi/lib/thumb/v7e-m+fp/hard\libc_nano.a(lib_a-init.o)
                              c:/st/stm32cubeide_1.7.0/stm32cubeide/plugins/com.st.stm32cube.ide.mcu.externaltools.gnu-tools-for-stm32.9-2020-q2-update.win32_2.0.0.202105311346/tools/bin/../lib/gcc/arm-none-eabi/9.3.1/../../../../arm-none-eabi/lib/thumb/v7e-m+fp/hard/crt0.o (__libc_init_array)
c:/st/stm32cubeide_1.7.0/stm32cubeide/plugins/com.st.stm32cube.ide.mcu.externaltools.gnu-tools-for-stm32.9-2020-q2-update.win32_2.0.0.202105311346/tools/bin/../lib/gcc/arm-none-eabi/9.3.1/../../../../arm-none-eabi/lib/thumb/v7e-m+fp/hard\libc_nano.a(lib_a-memcpy-stub.o)
                              ./common/ThirdParty/FreeRTOS/queue.o (memcpy)
c:/st/stm32cubeide_1.7.0/stm32cubeide/plugins/com.st.stm32cube.ide.mcu.externaltools.gnu-tools-for-stm32.9-2020-q2-update.win32_2.0.0.202105311346/tools/bin/../lib/gcc/arm-none-eabi/9.3.1/../../../../arm-none-eabi/lib/thumb/v7e-m+fp/hard\libc_nano.a(lib_a-memset.o)
                              c:/st/stm32cubeide_1.7.0/stm32cubeide/plugins/com.st.stm32cube.ide.mcu.externaltools.gnu-tools-for-stm32.9-2020-q2-update.win32_2.0.0.202105311346/tools/bin/../lib/gcc/arm-none-eabi/9.3.1/../../../../arm-none-eabi/lib/thumb/v7e-m+fp/hard/crt0.o (memset)
c:/st/stm32cubeide_1.7.0/stm32cubeide/plugins/com.st.stm32cube.ide.mcu.externaltools.gnu-tools-for-stm32.9-2020-q2-update.win32_2.0.0.202105311346/tools/bin/../lib/gcc/arm-none-eabi/9.3.1/../../../../arm-none-eabi/lib/thumb/v7e-m+fp/hard\libc_nano.a(lib_a-sprintf.o)
                              ./Core/Src/rtc.o (sprintf)
c:/st/stm32cubeide_1.7.0/stm32cubeide/plugins/com.st.stm32cube.ide.mcu.externaltools.gnu-tools-for-stm32.9-2020-q2-update.win32_2.0.0.202105311346/tools/bin/../lib/gcc/arm-none-eabi/9.3.1/../../../../arm-none-eabi/lib/thumb/v7e-m+fp/hard\libc_nano.a(lib_a-strcmp.o)
                              ./Core/Src/task_handler.o (strcmp)
c:/st/stm32cubeide_1.7.0/stm32cubeide/plugins/com.st.stm32cube.ide.mcu.externaltools.gnu-tools-for-stm32.9-2020-q2-update.win32_2.0.0.202105311346/tools/bin/../lib/gcc/arm-none-eabi/9.3.1/../../../../arm-none-eabi/lib/thumb/v7e-m+fp/hard\libc_nano.a(lib_a-strlen.o)
                              ./Core/Src/task_handler.o (strlen)
c:/st/stm32cubeide_1.7.0/stm32cubeide/plugins/com.st.stm32cube.ide.mcu.externaltools.gnu-tools-for-stm32.9-2020-q2-update.win32_2.0.0.202105311346/tools/bin/../lib/gcc/arm-none-eabi/9.3.1/../../../../arm-none-eabi/lib/thumb/v7e-m+fp/hard\libc_nano.a(lib_a-nano-svfprintf.o)
                              c:/st/stm32cubeide_1.7.0/stm32cubeide/plugins/com.st.stm32cube.ide.mcu.externaltools.gnu-tools-for-stm32.9-2020-q2-update.win32_2.0.0.202105311346/tools/bin/../lib/gcc/arm-none-eabi/9.3.1/../../../../arm-none-eabi/lib/thumb/v7e-m+fp/hard\libc_nano.a(lib_a-sprintf.o) (_svfprintf_r)
c:/st/stm32cubeide_1.7.0/stm32cubeide/plugins/com.st.stm32cube.ide.mcu.externaltools.gnu-tools-for-stm32.9-2020-q2-update.win32_2.0.0.202105311346/tools/bin/../lib/gcc/arm-none-eabi/9.3.1/../../../../arm-none-eabi/lib/thumb/v7e-m+fp/hard\libc_nano.a(lib_a-nano-vfprintf_i.o)
[...]
Memory Configuration

Name             Origin             Length             Attributes
CCMRAM           0x0000000010000000 0x0000000000010000 xrw
RAM              0x0000000020000000 0x0000000000020000 xrw
FLASH            0x0000000008000000 0x0000000000100000 xr
*default*        0x0000000000000000 0xffffffffffffffff

Linker script and memory map

LOAD c:/st/stm32cubeide_1.7.0/stm32cubeide/plugins/com.st.stm32cube.ide.mcu.externaltools.gnu-tools-for-stm32.9-2020-q2-update.win32_2.0.0.202105311346/tools/bin/../lib/gcc/arm-none-eabi/9.3.1/thumb/v7e-m+fp/hard/crti.o
LOAD c:/st/stm32cubeide_1.7.0/stm32cubeide/plugins/com.st.stm32cube.ide.mcu.externaltools.gnu-tools-for-stm32.9-2020-q2-update.win32_2.0.0.202105311346/tools/bin/../lib/gcc/arm-none-eabi/9.3.1/thumb/v7e-m+fp/hard/crtbegin.o
LOAD c:/st/stm32cubeide_1.7.0/stm32cubeide/plugins/com.st.stm32cube.ide.mcu.externaltools.gnu-tools-for-stm32.9-2020-q2-update.win32_2.0.0.202105311346/tools/bin/../lib/gcc/arm-none-eabi/9.3.1/../../../../arm-none-eabi/lib/thumb/v7e-m+fp/hard/crt0.o
LOAD ./Core/Src/led_effect.o
LOAD ./Core/Src/main.o
LOAD ./Core/Src/rtc.o
LOAD ./Core/Src/stm32f4xx_hal_msp.o
LOAD ./Core/Src/stm32f4xx_hal_timebase_tim.o
LOAD ./Core/Src/stm32f4xx_it.o
LOAD ./Core/Src/syscalls.o
LOAD ./Core/Src/system_stm32f4xx.o
LOAD ./Core/Src/task_handler.o
LOAD ./Core/Startup/startup_stm32f407vgtx.o
LOAD ./Drivers/STM32F4xx_HAL_Driver/Src/stm32f4xx_hal.o
LOAD ./Drivers/STM32F4xx_HAL_Driver/Src/stm32f4xx_hal_cortex.o
LOAD ./Drivers/STM32F4xx_HAL_Driver/Src/stm32f4xx_hal_dma.o
LOAD ./Drivers/STM32F4xx_HAL_Driver/Src/stm32f4xx_hal_dma_ex.o
LOAD ./Drivers/STM32F4xx_HAL_Driver/Src/stm32f4xx_hal_exti.o
LOAD ./Drivers/STM32F4xx_HAL_Driver/Src/stm32f4xx_hal_flash.o
LOAD ./Drivers/STM32F4xx_HAL_Driver/Src/stm32f4xx_hal_flash_ex.o
LOAD ./Drivers/STM32F4xx_HAL_Driver/Src/stm32f4xx_hal_flash_ramfunc.o
LOAD ./Drivers/STM32F4xx_HAL_Driver/Src/stm32f4xx_hal_gpio.o
LOAD ./Drivers/STM32F4xx_HAL_Driver/Src/stm32f4xx_hal_pwr.o
LOAD ./Drivers/STM32F4xx_HAL_Driver/Src/stm32f4xx_hal_pwr_ex.o
LOAD ./Drivers/STM32F4xx_HAL_Driver/Src/stm32f4xx_hal_rcc.o
LOAD ./Drivers/STM32F4xx_HAL_Driver/Src/stm32f4xx_hal_rcc_ex.o
LOAD ./Drivers/STM32F4xx_HAL_Driver/Src/stm32f4xx_hal_rtc.o
LOAD ./Drivers/STM32F4xx_HAL_Driver/Src/stm32f4xx_hal_rtc_ex.o
LOAD ./Drivers/STM32F4xx_HAL_Driver/Src/stm32f4xx_hal_tim.o
LOAD ./Drivers/STM32F4xx_HAL_Driver/Src/stm32f4xx_hal_tim_ex.o
LOAD ./Drivers/STM32F4xx_HAL_Driver/Src/stm32f4xx_hal_uart.o
LOAD ./common/ThirdParty/FreeRTOS/croutine.o
LOAD ./common/ThirdParty/FreeRTOS/event_groups.o
LOAD ./common/ThirdParty/FreeRTOS/list.o
LOAD ./common/ThirdParty/FreeRTOS/queue.o
LOAD ./common/ThirdParty/FreeRTOS/stream_buffer.o
LOAD ./common/ThirdParty/FreeRTOS/tasks.o
LOAD ./common/ThirdParty/FreeRTOS/timers.o
LOAD ./common/ThirdParty/FreeRTOS/portable/GCC/ARM_CM4F/port.o
LOAD ./common/ThirdParty/FreeRTOS/portable/MemMang/heap_4.o
START GROUP
LOAD c:/st/stm32cubeide_1.7.0/stm32cubeide/plugins/com.st.stm32cube.ide.mcu.externaltools.gnu-tools-for-stm32.9-2020-q2-update.win32_2.0.0.202105311346/tools/bin/../lib/gcc/arm-none-eabi/9.3.1/../../../../arm-none-eabi/lib/thumb/v7e-m+fp/hard\libc_nano.a
LOAD c:/st/stm32cubeide_1.7.0/stm32cubeide/plugins/com.st.stm32cube.ide.mcu.externaltools.gnu-tools-for-stm32.9-2020-q2-update.win32_2.0.0.202105311346/tools/bin/../lib/gcc/arm-none-eabi/9.3.1/../../../../arm-none-eabi/lib/thumb/v7e-m+fp/hard\libm.a
END GROUP
START GROUP
LOAD c:/st/stm32cubeide_1.7.0/stm32cubeide/plugins/com.st.stm32cube.ide.mcu.externaltools.gnu-tools-for-stm32.9-2020-q2-update.win32_2.0.0.202105311346/tools/bin/../lib/gcc/arm-none-eabi/9.3.1/thumb/v7e-m+fp/hard\libgcc.a
LOAD c:/st/stm32cubeide_1.7.0/stm32cubeide/plugins/com.st.stm32cube.ide.mcu.externaltools.gnu-tools-for-stm32.9-2020-q2-update.win32_2.0.0.202105311346/tools/bin/../lib/gcc/arm-none-eabi/9.3.1/../../../../arm-none-eabi/lib/thumb/v7e-m+fp/hard\libc_nano.a
END GROUP
START GROUP
LOAD c:/st/stm32cubeide_1.7.0/stm32cubeide/plugins/com.st.stm32cube.ide.mcu.externaltools.gnu-tools-for-stm32.9-2020-q2-update.win32_2.0.0.202105311346/tools/bin/../lib/gcc/arm-none-eabi/9.3.1/thumb/v7e-m+fp/hard\libgcc.a
LOAD c:/st/stm32cubeide_1.7.0/stm32cubeide/plugins/com.st.stm32cube.ide.mcu.externaltools.gnu-tools-for-stm32.9-2020-q2-update.win32_2.0.0.202105311346/tools/bin/../lib/gcc/arm-none-eabi/9.3.1/../../../../arm-none-eabi/lib/thumb/v7e-m+fp/hard\libc_nano.a
LOAD c:/st/stm32cubeide_1.7.0/stm32cubeide/plugins/com.st.stm32cube.ide.mcu.externaltools.gnu-tools-for-stm32.9-2020-q2-update.win32_2.0.0.202105311346/tools/bin/../lib/gcc/arm-none-eabi/9.3.1/../../../../arm-none-eabi/lib/thumb/v7e-m+fp/hard\libnosys.a
END GROUP
START GROUP
LOAD c:/st/stm32cubeide_1.7.0/stm32cubeide/plugins/com.st.stm32cube.ide.mcu.externaltools.gnu-tools-for-stm32.9-2020-q2-update.win32_2.0.0.202105311346/tools/bin/../lib/gcc/arm-none-eabi/9.3.1/thumb/v7e-m+fp/hard\libgcc.a
LOAD c:/st/stm32cubeide_1.7.0/stm32cubeide/plugins/com.st.stm32cube.ide.mcu.externaltools.gnu-tools-for-stm32.9-2020-q2-update.win32_2.0.0.202105311346/tools/bin/../lib/gcc/arm-none-eabi/9.3.1/../../../../arm-none-eabi/lib/thumb/v7e-m+fp/hard\libc_nano.a
LOAD c:/st/stm32cubeide_1.7.0/stm32cubeide/plugins/com.st.stm32cube.ide.mcu.externaltools.gnu-tools-for-stm32.9-2020-q2-update.win32_2.0.0.202105311346/tools/bin/../lib/gcc/arm-none-eabi/9.3.1/../../../../arm-none-eabi/lib/thumb/v7e-m+fp/hard\libnosys.a
END GROUP
LOAD c:/st/stm32cubeide_1.7.0/stm32cubeide/plugins/com.st.stm32cube.ide.mcu.externaltools.gnu-tools-for-stm32.9-2020-q2-update.win32_2.0.0.202105311346/tools/bin/../lib/gcc/arm-none-eabi/9.3.1/thumb/v7e-m+fp/hard/crtend.o
LOAD c:/st/stm32cubeide_1.7.0/stm32cubeide/plugins/com.st.stm32cube.ide.mcu.externaltools.gnu-tools-for-stm32.9-2020-q2-update.win32_2.0.0.202105311346/tools/bin/../lib/gcc/arm-none-eabi/9.3.1/thumb/v7e-m+fp/hard/crtn.o
                0x0000000020020000                _estack = (ORIGIN (RAM) + LENGTH (RAM))
                0x0000000000000200                _Min_Heap_Size = 0x200
                0x0000000000000400                _Min_Stack_Size = 0x400

.isr_vector     0x0000000008000000      0x188
                0x0000000008000000                . = ALIGN (0x4)
 *(.isr_vector)
 .isr_vector    0x0000000008000000      0x188 ./Core/Startup/startup_stm32f407vgtx.o
                0x0000000008000000                g_pfnVectors
                0x0000000008000188                . = ALIGN (0x4)

.text           0x0000000008000190     0x7420
                0x0000000008000190                . = ALIGN (0x4)
 *(.text)
 .text          0x0000000008000190       0x40 c:/st/stm32cubeide_1.7.0/stm32cubeide/plugins/com.st.stm32cube.ide.mcu.externaltools.gnu-tools-for-stm32.9-2020-q2-update.win32_2.0.0.202105311346/tools/bin/../lib/gcc/arm-none-eabi/9.3.1/thumb/v7e-m+fp/hard/crtbegin.o
 .text          0x00000000080001d0       0x14 c:/st/stm32cubeide_1.7.0/stm32cubeide/plugins/com.st.stm32cube.ide.mcu.externaltools.gnu-tools-for-stm32.9-2020-q2-update.win32_2.0.0.202105311346/tools/bin/../lib/gcc/arm-none-eabi/9.3.1/../../../../arm-none-eabi/lib/thumb/v7e-m+fp/hard\libc_nano.a(lib_a-strcmp.o)
                0x00000000080001d0                strcmp
 .text          0x00000000080001e4       0x10 c:/st/stm32cubeide_1.7.0/stm32cubeide/plugins/com.st.stm32cube.ide.mcu.externaltools.gnu-tools-for-stm32.9-2020-q2-update.win32_2.0.0.202105311346/tools/bin/../lib/gcc/arm-none-eabi/9.3.1/../../../../arm-none-eabi/lib/thumb/v7e-m+fp/hard\libc_nano.a(lib_a-strlen.o)
                0x00000000080001e4                strlen
 *fill*         0x00000000080001f4        0xc 
 .text          0x0000000008000200       0xa0 c:/st/stm32cubeide_1.7.0/stm32cubeide/plugins/com.st.stm32cube.ide.mcu.externaltools.gnu-tools-for-stm32.9-2020-q2-update.win32_2.0.0.202105311346/tools/bin/../lib/gcc/arm-none-eabi/9.3.1/../../../../arm-none-eabi/lib/thumb/v7e-m+fp/hard\libc_nano.a(lib_a-memchr.o)
                0x0000000008000200                memchr
 .text          0x00000000080002a0       0x30 c:/st/stm32cubeide_1.7.0/stm32cubeide/plugins/com.st.stm32cube.ide.mcu.externaltools.gnu-tools-for-stm32.9-2020-q2-update.win32_2.0.0.202105311346/tools/bin/../lib/gcc/arm-none-eabi/9.3.1/thumb/v7e-m+fp/hard\libgcc.a(_aeabi_uldivmod.o)
                0x00000000080002a0                __aeabi_uldivmod
 .text          0x00000000080002d0      0x2c4 c:/st/stm32cubeide_1.7.0/stm32cubeide/plugins/com.st.stm32cube.ide.mcu.externaltools.gnu-tools-for-stm32.9-2020-q2-update.win32_2.0.0.202105311346/tools/bin/../lib/gcc/arm-none-eabi/9.3.1/thumb/v7e-m+fp/hard\libgcc.a(_udivmoddi4.o)
                0x00000000080002d0                __udivmoddi4
 .text          0x0000000008000594        0x4 c:/st/stm32cubeide_1.7.0/stm32cubeide/plugins/com.st.stm32cube.ide.mcu.externaltools.gnu-tools-for-stm32.9-2020-q2-update.win32_2.0.0.202105311346/tools/bin/../lib/gcc/arm-none-eabi/9.3.1/thumb/v7e-m+fp/hard\libgcc.a(_dvmd_tls.o)
                0x0000000008000594                __aeabi_idiv0
                0x0000000008000594                __aeabi_ldiv0
 *(.text*)
 .text.led_effect_stop
                0x0000000008000598       0x44 ./Core/Src/led_effect.o
                0x0000000008000598                led_effect_stop
 .text.led_effect
                0x00000000080005dc       0x38 ./Core/Src/led_effect.o
                0x00000000080005dc                led_effect
 .text.LED_effect1
                0x0000000008000614       0x34 ./Core/Src/led_effect.o
                0x0000000008000614                LED_effect1
 .text.LED_effect2
                0x0000000008000648       0x34 ./Core/Src/led_effect.o
                0x0000000008000648                LED_effect2
 .text.LED_effect3
                0x000000000800067c       0x34 ./Core/Src/led_effect.o
                0x000000000800067c                LED_effect3
 .text.LED_effect4
                0x00000000080006b0       0x34 ./Core/Src/led_effect.o
                0x00000000080006b0                LED_effect4
 .text.turn_off_all_leds
                0x00000000080006e4       0x3c ./Core/Src/led_effect.o
                0x00000000080006e4                turn_off_all_leds
 .text.main     0x0000000008000720      0x1d0 ./Core/Src/main.o
                0x0000000008000720                main
 .text.SystemClock_Config
                0x00000000080008f0       0xd8 ./Core/Src/main.o
                0x00000000080008f0                SystemClock_Config
 .text.MX_RTC_Init
                0x00000000080009c8       0x4c ./Core/Src/main.o
 .text.MX_USART2_UART_Init
                0x0000000008000a14       0x54 ./Core/Src/main.o
 .text.MX_GPIO_Init
                0x0000000008000a68      0x2bc ./Core/Src/main.o
 .text.led_effect_callback
                0x0000000008000d24       0x50 ./Core/Src/main.o
                0x0000000008000d24                led_effect_callback
 .text.HAL_UART_RxCpltCallback
                0x0000000008000d74       0x94 ./Core/Src/main.o
                0x0000000008000d74                HAL_UART_RxCpltCallback
 .text.HAL_TIM_PeriodElapsedCallback
                0x0000000008000e08       0x24 ./Core/Src/main.o
                0x0000000008000e08                HAL_TIM_PeriodElapsedCallback
 .text.Error_Handler
                0x0000000008000e2c        0xa ./Core/Src/main.o
                0x0000000008000e2c                Error_Handler
 *fill*         0x0000000008000e36        0x2 
 .text.show_date_time
                0x0000000008000e38       0x7c ./Core/Src/rtc.o
                0x0000000008000e38                show_date_time
 .text.HAL_MspInit
                0x0000000008000eb4       0x50 ./Core/Src/stm32f4xx_hal_msp.o
                0x0000000008000eb4                HAL_MspInit
 .text.HAL_RTC_MspInit
                0x0000000008000f04       0x54 ./Core/Src/stm32f4xx_hal_msp.o
                0x0000000008000f04                HAL_RTC_MspInit
 .text.HAL_UART_MspInit
                0x0000000008000f58       0xa0 ./Core/Src/stm32f4xx_hal_msp.o
                0x0000000008000f58                HAL_UART_MspInit
 .text.HAL_InitTick
                0x0000000008000ff8       0xb4 ./Core/Src/stm32f4xx_hal_timebase_tim.o
                0x0000000008000ff8                HAL_InitTick
 .text.NMI_Handler
                0x00000000080010ac        0x6 ./Core/Src/stm32f4xx_it.o
                0x00000000080010ac                NMI_Handler
 .text.HardFault_Handler
                0x00000000080010b2        0x6 ./Core/Src/stm32f4xx_it.o
                0x00000000080010b2                HardFault_Handler
 .text.MemManage_Handler
                0x00000000080010b8        0x6 ./Core/Src/stm32f4xx_it.o
                0x00000000080010b8                MemManage_Handler
 .text.BusFault_Handler
                0x00000000080010be        0x6 ./Core/Src/stm32f4xx_it.o
                0x00000000080010be                BusFault_Handler
 .text.UsageFault_Handler
                0x00000000080010c4        0x6 ./Core/Src/stm32f4xx_it.o
                0x00000000080010c4                UsageFault_Handler
 .text.DebugMon_Handler
                0x00000000080010ca        0xe ./Core/Src/stm32f4xx_it.o
                0x00000000080010ca                DebugMon_Handler
 .text.USART2_IRQHandler
                0x00000000080010d8       0x14 ./Core/Src/stm32f4xx_it.o
                0x00000000080010d8                USART2_IRQHandler
 .text.TIM6_DAC_IRQHandler
                0x00000000080010ec       0x14 ./Core/Src/stm32f4xx_it.o
                0x00000000080010ec                TIM6_DAC_IRQHandler
 .text.SystemInit
                0x0000000008001100       0x24 ./Core/Src/system_stm32f4xx.o
                0x0000000008001100                SystemInit
 .text.menu_task
                0x0000000008001124       0xc4 ./Core/Src/task_handler.o
                0x0000000008001124                menu_task
 .text.led_task
                0x00000000080011e8      0x12c ./Core/Src/task_handler.o
                0x00000000080011e8                led_task
 .text.print_task
                0x0000000008001314       0x40 ./Core/Src/task_handler.o
                0x0000000008001314                print_task
 .text.cmd_handler_task
                0x0000000008001354       0x2e ./Core/Src/task_handler.o
                0x0000000008001354                cmd_handler_task
 *fill*         0x0000000008001382        0x2 
 .text.process_command
                0x0000000008001384       0x58 ./Core/Src/task_handler.o
                0x0000000008001384                process_command
 .text.extract_command
                0x00000000080013dc       0x74 ./Core/Src/task_handler.o
                0x00000000080013dc                extract_command
 .text.Reset_Handler
                0x0000000008001450       0x50 ./Core/Startup/startup_stm32f407vgtx.o
                0x0000000008001450                Reset_Handler
 .text.Default_Handler
                0x00000000080014a0        0x2 ./Core/Startup/startup_stm32f407vgtx.o
                0x00000000080014a0                RTC_Alarm_IRQHandler
                0x00000000080014a0                HASH_RNG_IRQHandler
                0x00000000080014a0                EXTI2_IRQHandler
                0x00000000080014a0                TIM8_CC_IRQHandler
                0x00000000080014a0                TIM1_CC_IRQHandler
                0x00000000080014a0                DMA2_Stream5_IRQHandler
                0x00000000080014a0                DMA1_Stream5_IRQHandler
                0x00000000080014a0                PVD_IRQHandler
                0x00000000080014a0                SDIO_IRQHandler
                0x00000000080014a0                TAMP_STAMP_IRQHandler
                0x00000000080014a0                CAN2_RX1_IRQHandler
                0x00000000080014a0                EXTI3_IRQHandler
                0x00000000080014a0                TIM8_TRG_COM_TIM14_IRQHandler
                0x00000000080014a0                TIM1_UP_TIM10_IRQHandler
                0x00000000080014a0                TIM8_UP_TIM13_IRQHandler
                0x00000000080014a0                I2C3_ER_IRQHandler
                0x00000000080014a0                EXTI0_IRQHandler
                0x00000000080014a0                I2C2_EV_IRQHandler
                0x00000000080014a0                DMA1_Stream2_IRQHandler
                0x00000000080014a0                CAN1_RX0_IRQHandler
                0x00000000080014a0                FPU_IRQHandler
                0x00000000080014a0                OTG_HS_WKUP_IRQHandler
                0x00000000080014a0                CAN2_SCE_IRQHandler
                0x00000000080014a0                DMA2_Stream2_IRQHandler
                0x00000000080014a0                SPI1_IRQHandler
                0x00000000080014a0                TIM1_BRK_TIM9_IRQHandler
                0x00000000080014a0                DCMI_IRQHandler
                0x00000000080014a0                CAN2_RX0_IRQHandler
                0x00000000080014a0                DMA2_Stream3_IRQHandler
                0x00000000080014a0                USART6_IRQHandler
                0x00000000080014a0                USART3_IRQHandler
                0x00000000080014a0                CAN1_RX1_IRQHandler
                0x00000000080014a0                UART5_IRQHandler
                0x00000000080014a0                DMA2_Stream0_IRQHandler
                0x00000000080014a0                TIM4_IRQHandler
                0x00000000080014a0                I2C1_EV_IRQHandler
                0x00000000080014a0                DMA1_Stream6_IRQHandler
                0x00000000080014a0                DMA1_Stream1_IRQHandler
                0x00000000080014a0                UART4_IRQHandler
                0x00000000080014a0                TIM3_IRQHandler
                0x00000000080014a0                RCC_IRQHandler
                0x00000000080014a0                TIM8_BRK_TIM12_IRQHandler
                0x00000000080014a0                Default_Handler
                0x00000000080014a0                EXTI15_10_IRQHandler
                0x00000000080014a0                ADC_IRQHandler
                0x00000000080014a0                DMA1_Stream7_IRQHandler
                0x00000000080014a0                TIM7_IRQHandler
                0x00000000080014a0                CAN2_TX_IRQHandler
                0x00000000080014a0                TIM5_IRQHandler
                0x00000000080014a0                DMA2_Stream7_IRQHandler
                0x00000000080014a0                I2C3_EV_IRQHandler
                0x00000000080014a0                EXTI9_5_IRQHandler
                0x00000000080014a0                RTC_WKUP_IRQHandler
                0x00000000080014a0                ETH_WKUP_IRQHandler
                0x00000000080014a0                SPI2_IRQHandler
                0x00000000080014a0                OTG_HS_EP1_IN_IRQHandler
                0x00000000080014a0                DMA1_Stream0_IRQHandler
                0x00000000080014a0                CAN1_TX_IRQHandler
                0x00000000080014a0                EXTI4_IRQHandler
                0x00000000080014a0                FSMC_IRQHandler
                0x00000000080014a0                ETH_IRQHandler
                0x00000000080014a0                OTG_HS_EP1_OUT_IRQHandler
                0x00000000080014a0                WWDG_IRQHandler
                0x00000000080014a0                TIM2_IRQHandler
                0x00000000080014a0                OTG_FS_WKUP_IRQHandler
                0x00000000080014a0                TIM1_TRG_COM_TIM11_IRQHandler
                0x00000000080014a0                OTG_HS_IRQHandler
                0x00000000080014a0                EXTI1_IRQHandler
                0x00000000080014a0                I2C2_ER_IRQHandler
                0x00000000080014a0                DMA2_Stream1_IRQHandler
                0x00000000080014a0                CAN1_SCE_IRQHandler
                0x00000000080014a0                FLASH_IRQHandler
                0x00000000080014a0                DMA2_Stream4_IRQHandler
                0x00000000080014a0                USART1_IRQHandler
                0x00000000080014a0                OTG_FS_IRQHandler
                0x00000000080014a0                SPI3_IRQHandler
                0x00000000080014a0                DMA1_Stream4_IRQHandler
                0x00000000080014a0                I2C1_ER_IRQHandler
                0x00000000080014a0                DMA2_Stream6_IRQHandler
                0x00000000080014a0                DMA1_Stream3_IRQHandler
 *fill*         0x00000000080014a2        0x2 
 .text.HAL_Init
                0x00000000080014a4       0x44 ./Drivers/STM32F4xx_HAL_Driver/Src/stm32f4xx_hal.o
                0x00000000080014a4                HAL_Init
 .text.HAL_IncTick
                0x00000000080014e8       0x28 ./Drivers/STM32F4xx_HAL_Driver/Src/stm32f4xx_hal.o
                0x00000000080014e8                HAL_IncTick
 .text.HAL_GetTick
                0x0000000008001510       0x18 ./Drivers/STM32F4xx_HAL_Driver/Src/stm32f4xx_hal.o
                0x0000000008001510                HAL_GetTick
 .text.__NVIC_SetPriorityGrouping
                0x0000000008001528       0x48 ./Drivers/STM32F4xx_HAL_Driver/Src/stm32f4xx_hal_cortex.o
 .text.__NVIC_GetPriorityGrouping
                0x0000000008001570       0x1c ./Drivers/STM32F4xx_HAL_Driver/Src/stm32f4xx_hal_cortex.o
 .text.__NVIC_EnableIRQ
                0x000000000800158c       0x3c ./Drivers/STM32F4xx_HAL_Driver/Src/stm32f4xx_hal_cortex.o
 .text.__NVIC_SetPriority
                0x00000000080015c8       0x54 ./Drivers/STM32F4xx_HAL_Driver/Src/stm32f4xx_hal_cortex.o
 .text.NVIC_EncodePriority
                0x000000000800161c       0x66 ./Drivers/STM32F4xx_HAL_Driver/Src/stm32f4xx_hal_cortex.o
 .text.HAL_NVIC_SetPriorityGrouping
                0x0000000008001682       0x16 ./Drivers/STM32F4xx_HAL_Driver/Src/stm32f4xx_hal_cortex.o
                0x0000000008001682                HAL_NVIC_SetPriorityGrouping
 .text.HAL_NVIC_SetPriority
                0x0000000008001698       0x38 ./Drivers/STM32F4xx_HAL_Driver/Src/stm32f4xx_hal_cortex.o
                0x0000000008001698                HAL_NVIC_SetPriority
 .text.HAL_NVIC_EnableIRQ
                0x00000000080016d0       0x1c ./Drivers/STM32F4xx_HAL_Driver/Src/stm32f4xx_hal_cortex.o
                0x00000000080016d0                HAL_NVIC_EnableIRQ
 .text.HAL_DMA_Abort
                0x00000000080016ec       0xe0 ./Drivers/STM32F4xx_HAL_Driver/Src/stm32f4xx_hal_dma.o
                0x00000000080016ec                HAL_DMA_Abort
 .text.HAL_DMA_Abort_IT
                0x00000000080017cc       0x44 ./Drivers/STM32F4xx_HAL_Driver/Src/stm32f4xx_hal_dma.o
                0x00000000080017cc                HAL_DMA_Abort_IT
 .text.HAL_GPIO_Init
                0x0000000008001810      0x338 ./Drivers/STM32F4xx_HAL_Driver/Src/stm32f4xx_hal_gpio.o
                0x0000000008001810                HAL_GPIO_Init
 .text.HAL_GPIO_WritePin
                0x0000000008001b48       0x32 ./Drivers/STM32F4xx_HAL_Driver/Src/stm32f4xx_hal_gpio.o
                0x0000000008001b48                HAL_GPIO_WritePin
 *fill*         0x0000000008001b7a        0x2 
 .text.HAL_RCC_OscConfig
                0x0000000008001b7c      0x4f0 ./Drivers/STM32F4xx_HAL_Driver/Src/stm32f4xx_hal_rcc.o
                0x0000000008001b7c                HAL_RCC_OscConfig
 .text.HAL_RCC_ClockConfig
                0x000000000800206c      0x1cc ./Drivers/STM32F4xx_HAL_Driver/Src/stm32f4xx_hal_rcc.o
                0x000000000800206c                HAL_RCC_ClockConfig
 .text.HAL_RCC_GetSysClockFreq
                0x0000000008002238      0x1c4 ./Drivers/STM32F4xx_HAL_Driver/Src/stm32f4xx_hal_rcc.o
                0x0000000008002238                HAL_RCC_GetSysClockFreq
 .text.HAL_RCC_GetHCLKFreq
                0x00000000080023fc       0x18 ./Drivers/STM32F4xx_HAL_Driver/Src/stm32f4xx_hal_rcc.o
                0x00000000080023fc                HAL_RCC_GetHCLKFreq
 .text.HAL_RCC_GetPCLK1Freq
                0x0000000008002414       0x28 ./Drivers/STM32F4xx_HAL_Driver/Src/stm32f4xx_hal_rcc.o
                0x0000000008002414                HAL_RCC_GetPCLK1Freq
 .text.HAL_RCC_GetPCLK2Freq
                0x000000000800243c       0x28 ./Drivers/STM32F4xx_HAL_Driver/Src/stm32f4xx_hal_rcc.o
                0x000000000800243c                HAL_RCC_GetPCLK2Freq
 .text.HAL_RCC_GetClockConfig
                0x0000000008002464       0x64 ./Drivers/STM32F4xx_HAL_Driver/Src/stm32f4xx_hal_rcc.o
                0x0000000008002464                HAL_RCC_GetClockConfig
 .text.HAL_RCCEx_PeriphCLKConfig
                0x00000000080024c8      0x1c4 ./Drivers/STM32F4xx_HAL_Driver/Src/stm32f4xx_hal_rcc_ex.o
                0x00000000080024c8                HAL_RCCEx_PeriphCLKConfig
 .text.HAL_RTC_Init
                0x000000000800268c      0x122 ./Drivers/STM32F4xx_HAL_Driver/Src/stm32f4xx_hal_rtc.o
                0x000000000800268c                HAL_RTC_Init
 .text.HAL_RTC_GetTime
                0x00000000080027ae       0xbc ./Drivers/STM32F4xx_HAL_Driver/Src/stm32f4xx_hal_rtc.o
                0x00000000080027ae                HAL_RTC_GetTime
 .text.HAL_RTC_GetDate
                0x000000000800286a       0x9e ./Drivers/STM32F4xx_HAL_Driver/Src/stm32f4xx_hal_rtc.o
                0x000000000800286a                HAL_RTC_GetDate
 .text.HAL_RTC_WaitForSynchro
                0x0000000008002908       0x50 ./Drivers/STM32F4xx_HAL_Driver/Src/stm32f4xx_hal_rtc.o
                0x0000000008002908                HAL_RTC_WaitForSynchro
 .text.RTC_EnterInitMode
                0x0000000008002958       0x58 ./Drivers/STM32F4xx_HAL_Driver/Src/stm32f4xx_hal_rtc.o
                0x0000000008002958                RTC_EnterInitMode
 .text.RTC_Bcd2ToByte
                0x00000000080029b0       0x3c ./Drivers/STM32F4xx_HAL_Driver/Src/stm32f4xx_hal_rtc.o
                0x00000000080029b0                RTC_Bcd2ToByte
 .text.HAL_TIM_Base_Init
                0x00000000080029ec       0x9e ./Drivers/STM32F4xx_HAL_Driver/Src/stm32f4xx_hal_tim.o
                0x00000000080029ec                HAL_TIM_Base_Init
 .text.HAL_TIM_Base_MspInit
                0x0000000008002a8a       0x14 ./Drivers/STM32F4xx_HAL_Driver/Src/stm32f4xx_hal_tim.o
                0x0000000008002a8a                HAL_TIM_Base_MspInit
 *fill*         0x0000000008002a9e        0x2 
 .text.HAL_TIM_Base_Start_IT
                0x0000000008002aa0       0xe0 ./Drivers/STM32F4xx_HAL_Driver/Src/stm32f4xx_hal_tim.o
                0x0000000008002aa0                HAL_TIM_Base_Start_IT
 .text.HAL_TIM_IRQHandler
                0x0000000008002b80      0x210 ./Drivers/STM32F4xx_HAL_Driver/Src/stm32f4xx_hal_tim.o
                0x0000000008002b80                HAL_TIM_IRQHandler
 .text.HAL_TIM_OC_DelayElapsedCallback
                0x0000000008002d90       0x14 ./Drivers/STM32F4xx_HAL_Driver/Src/stm32f4xx_hal_tim.o
                0x0000000008002d90                HAL_TIM_OC_DelayElapsedCallback
 .text.HAL_TIM_IC_CaptureCallback
                0x0000000008002da4       0x14 ./Drivers/STM32F4xx_HAL_Driver/Src/stm32f4xx_hal_tim.o
                0x0000000008002da4                HAL_TIM_IC_CaptureCallback
 .text.HAL_TIM_PWM_PulseFinishedCallback
                0x0000000008002db8       0x14 ./Drivers/STM32F4xx_HAL_Driver/Src/stm32f4xx_hal_tim.o
                0x0000000008002db8                HAL_TIM_PWM_PulseFinishedCallback
 .text.HAL_TIM_TriggerCallback
                0x0000000008002dcc       0x14 ./Drivers/STM32F4xx_HAL_Driver/Src/stm32f4xx_hal_tim.o
                0x0000000008002dcc                HAL_TIM_TriggerCallback
 .text.TIM_Base_SetConfig
                0x0000000008002de0      0x140 ./Drivers/STM32F4xx_HAL_Driver/Src/stm32f4xx_hal_tim.o
                0x0000000008002de0                TIM_Base_SetConfig
 .text.HAL_TIMEx_CommutCallback
                0x0000000008002f20       0x14 ./Drivers/STM32F4xx_HAL_Driver/Src/stm32f4xx_hal_tim_ex.o
                0x0000000008002f20                HAL_TIMEx_CommutCallback
 .text.HAL_TIMEx_BreakCallback
                0x0000000008002f34       0x14 ./Drivers/STM32F4xx_HAL_Driver/Src/stm32f4xx_hal_tim_ex.o
                0x0000000008002f34                HAL_TIMEx_BreakCallback
 .text.HAL_UART_Init
                0x0000000008002f48       0x9a ./Drivers/STM32F4xx_HAL_Driver/Src/stm32f4xx_hal_uart.o
                0x0000000008002f48                HAL_UART_Init
 .text.HAL_UART_Transmit
                0x0000000008002fe2      0x124 ./Drivers/STM32F4xx_HAL_Driver/Src/stm32f4xx_hal_uart.o
                0x0000000008002fe2                HAL_UART_Transmit
 .text.HAL_UART_Receive_IT
                0x0000000008003106       0x60 ./Drivers/STM32F4xx_HAL_Driver/Src/stm32f4xx_hal_uart.o
                0x0000000008003106                HAL_UART_Receive_IT
 *fill*         0x0000000008003166        0x2 
 .text.HAL_UART_IRQHandler
                0x0000000008003168      0x51c ./Drivers/STM32F4xx_HAL_Driver/Src/stm32f4xx_hal_uart.o
                0x0000000008003168                HAL_UART_IRQHandler
 .text.HAL_UART_TxCpltCallback
                0x0000000008003684       0x14 ./Drivers/STM32F4xx_HAL_Driver/Src/stm32f4xx_hal_uart.o
                0x0000000008003684                HAL_UART_TxCpltCallback
 .text.HAL_UART_ErrorCallback
                0x0000000008003698       0x14 ./Drivers/STM32F4xx_HAL_Driver/Src/stm32f4xx_hal_uart.o
                0x0000000008003698                HAL_UART_ErrorCallback
 .text.HAL_UARTEx_RxEventCallback
                0x00000000080036ac       0x18 ./Drivers/STM32F4xx_HAL_Driver/Src/stm32f4xx_hal_uart.o
                0x00000000080036ac                HAL_UARTEx_RxEventCallback
 .text.UART_WaitOnFlagUntilTimeout
                0x00000000080036c4       0xdc ./Drivers/STM32F4xx_HAL_Driver/Src/stm32f4xx_hal_uart.o
 .text.UART_Start_Receive_IT
                0x00000000080037a0       0x74 ./Drivers/STM32F4xx_HAL_Driver/Src/stm32f4xx_hal_uart.o
                0x00000000080037a0                UART_Start_Receive_IT
 .text.UART_EndRxTransfer
                0x0000000008003814       0xc6 ./Drivers/STM32F4xx_HAL_Driver/Src/stm32f4xx_hal_uart.o
 .text.UART_DMAAbortOnError
                0x00000000080038da       0x28 ./Drivers/STM32F4xx_HAL_Driver/Src/stm32f4xx_hal_uart.o
 .text.UART_Transmit_IT
                0x0000000008003902       0xa0 ./Drivers/STM32F4xx_HAL_Driver/Src/stm32f4xx_hal_uart.o
 .text.UART_EndTransmit_IT
                0x00000000080039a2       0x30 ./Drivers/STM32F4xx_HAL_Driver/Src/stm32f4xx_hal_uart.o
 .text.UART_Receive_IT
                0x00000000080039d2      0x176 ./Drivers/STM32F4xx_HAL_Driver/Src/stm32f4xx_hal_uart.o
 .text.UART_SetConfig
                0x0000000008003b48      0x390 ./Drivers/STM32F4xx_HAL_Driver/Src/stm32f4xx_hal_uart.o
 .text.vListInitialise
                0x0000000008003ed8       0x40 ./common/ThirdParty/FreeRTOS/list.o
                0x0000000008003ed8                vListInitialise
 .text.vListInitialiseItem
                0x0000000008003f18       0x1a ./common/ThirdParty/FreeRTOS/list.o
                0x0000000008003f18                vListInitialiseItem
 .text.vListInsertEnd
                0x0000000008003f32       0x48 ./common/ThirdParty/FreeRTOS/list.o
                0x0000000008003f32                vListInsertEnd
 .text.vListInsert
                0x0000000008003f7a       0x72 ./common/ThirdParty/FreeRTOS/list.o
                0x0000000008003f7a                vListInsert
 .text.uxListRemove
                0x0000000008003fec       0x54 ./common/ThirdParty/FreeRTOS/list.o
                0x0000000008003fec                uxListRemove
 .text.xQueueGenericReset
                0x0000000008004040       0xd0 ./common/ThirdParty/FreeRTOS/queue.o
                0x0000000008004040                xQueueGenericReset
 .text.xQueueGenericCreate
                0x0000000008004110       0xbe ./common/ThirdParty/FreeRTOS/queue.o
                0x0000000008004110                xQueueGenericCreate
 .text.prvInitialiseNewQueue
                0x00000000080041ce       0x46 ./common/ThirdParty/FreeRTOS/queue.o
 .text.xQueueGenericSend
                0x0000000008004214      0x1fc ./common/ThirdParty/FreeRTOS/queue.o
                0x0000000008004214                xQueueGenericSend
 .text.xQueueGenericSendFromISR
                0x0000000008004410      0x154 ./common/ThirdParty/FreeRTOS/queue.o
                0x0000000008004410                xQueueGenericSendFromISR
 .text.xQueueReceive
                0x0000000008004564      0x1c0 ./common/ThirdParty/FreeRTOS/queue.o
                0x0000000008004564                xQueueReceive
 .text.xQueueReceiveFromISR
                0x0000000008004724      0x11e ./common/ThirdParty/FreeRTOS/queue.o
                0x0000000008004724                xQueueReceiveFromISR
 .text.uxQueueMessagesWaiting
                0x0000000008004842       0x3c ./common/ThirdParty/FreeRTOS/queue.o
                0x0000000008004842                uxQueueMessagesWaiting
 .text.prvCopyDataToQueue
                0x000000000800487e       0xd4 ./common/ThirdParty/FreeRTOS/queue.o
 .text.prvCopyDataFromQueue
                0x0000000008004952       0x4c ./common/ThirdParty/FreeRTOS/queue.o
 .text.prvUnlockQueue
                0x000000000800499e       0xa4 ./common/ThirdParty/FreeRTOS/queue.o
 .text.prvIsQueueEmpty
                0x0000000008004a42       0x2c ./common/ThirdParty/FreeRTOS/queue.o
 .text.prvIsQueueFull
                0x0000000008004a6e       0x30 ./common/ThirdParty/FreeRTOS/queue.o
 .text.xQueueIsQueueFullFromISR
                0x0000000008004a9e       0x4c ./common/ThirdParty/FreeRTOS/queue.o
                0x0000000008004a9e                xQueueIsQueueFullFromISR
 *fill*         0x0000000008004aea        0x2 
 .text.vQueueAddToRegistry
                0x0000000008004aec       0x54 ./common/ThirdParty/FreeRTOS/queue.o
                0x0000000008004aec                vQueueAddToRegistry
 .text.vQueueWaitForMessageRestricted
                0x0000000008004b40       0x68 ./common/ThirdParty/FreeRTOS/queue.o
                0x0000000008004b40                vQueueWaitForMessageRestricted
 .text.xTaskCreate
                0x0000000008004ba8       0x82 ./common/ThirdParty/FreeRTOS/tasks.o
                0x0000000008004ba8                xTaskCreate
 .text.prvInitialiseNewTask
                0x0000000008004c2a      0x12c ./common/ThirdParty/FreeRTOS/tasks.o
 *fill*         0x0000000008004d56        0x2 
 .text.prvAddNewTaskToReadyList
                0x0000000008004d58       0xdc ./common/ThirdParty/FreeRTOS/tasks.o
 .text.vTaskStartScheduler
                0x0000000008004e34       0xa4 ./common/ThirdParty/FreeRTOS/tasks.o
                0x0000000008004e34                vTaskStartScheduler
 .text.vTaskSuspendAll
                0x0000000008004ed8       0x1c ./common/ThirdParty/FreeRTOS/tasks.o
                0x0000000008004ed8                vTaskSuspendAll
 .text.xTaskResumeAll
                0x0000000008004ef4      0x138 ./common/ThirdParty/FreeRTOS/tasks.o
                0x0000000008004ef4                xTaskResumeAll
 .text.xTaskGetTickCount
                0x000000000800502c       0x20 ./common/ThirdParty/FreeRTOS/tasks.o
                0x000000000800502c                xTaskGetTickCount
 .text.xTaskIncrementTick
                0x000000000800504c      0x170 ./common/ThirdParty/FreeRTOS/tasks.o
                0x000000000800504c                xTaskIncrementTick
 .text.vTaskSwitchContext
                0x00000000080051bc       0xb8 ./common/ThirdParty/FreeRTOS/tasks.o
                0x00000000080051bc                vTaskSwitchContext
 .text.vTaskPlaceOnEventList
                0x0000000008005274       0x48 ./common/ThirdParty/FreeRTOS/tasks.o
                0x0000000008005274                vTaskPlaceOnEventList
 .text.vTaskPlaceOnEventListRestricted
                0x00000000080052bc       0x58 ./common/ThirdParty/FreeRTOS/tasks.o
                0x00000000080052bc                vTaskPlaceOnEventListRestricted
 .text.xTaskRemoveFromEventList
                0x0000000008005314       0xc4 ./common/ThirdParty/FreeRTOS/tasks.o
                0x0000000008005314                xTaskRemoveFromEventList
 .text.vTaskInternalSetTimeOutState
                0x00000000080053d8       0x2c ./common/ThirdParty/FreeRTOS/tasks.o
                0x00000000080053d8                vTaskInternalSetTimeOutState
 .text.xTaskCheckForTimeOut
                0x0000000008005404       0xcc ./common/ThirdParty/FreeRTOS/tasks.o
                0x0000000008005404                xTaskCheckForTimeOut
 .text.vTaskMissedYield
                0x00000000080054d0       0x18 ./common/ThirdParty/FreeRTOS/tasks.o
                0x00000000080054d0                vTaskMissedYield
 .text.prvIdleTask
                0x00000000080054e8       0x30 ./common/ThirdParty/FreeRTOS/tasks.o
 .text.prvInitialiseTaskLists
                0x0000000008005518       0x80 ./common/ThirdParty/FreeRTOS/tasks.o
 .text.prvCheckTasksWaitingTermination
                0x0000000008005598       0x5c ./common/ThirdParty/FreeRTOS/tasks.o
 .text.prvDeleteTCB
                0x00000000080055f4       0x20 ./common/ThirdParty/FreeRTOS/tasks.o
 .text.prvResetNextTaskUnblockTime
                0x0000000008005614       0x38 ./common/ThirdParty/FreeRTOS/tasks.o
 .text.xTaskGetSchedulerState
                0x000000000800564c       0x3c ./common/ThirdParty/FreeRTOS/tasks.o
                0x000000000800564c                xTaskGetSchedulerState
 .text.xTaskPriorityDisinherit
                0x0000000008005688       0xf4 ./common/ThirdParty/FreeRTOS/tasks.o
                0x0000000008005688                xTaskPriorityDisinherit
 .text.xTaskGenericNotifyWait
                0x000000000800577c      0x100 ./common/ThirdParty/FreeRTOS/tasks.o
                0x000000000800577c                xTaskGenericNotifyWait
 .text.xTaskGenericNotify
                0x000000000800587c      0x1c0 ./common/ThirdParty/FreeRTOS/tasks.o
                0x000000000800587c                xTaskGenericNotify
 .text.xTaskGenericNotifyFromISR
                0x0000000008005a3c      0x204 ./common/ThirdParty/FreeRTOS/tasks.o
                0x0000000008005a3c                xTaskGenericNotifyFromISR
 .text.prvAddCurrentTaskToDelayedList
                0x0000000008005c40       0xcc ./common/ThirdParty/FreeRTOS/tasks.o
 .text.xTimerCreateTimerTask
                0x0000000008005d0c       0x64 ./common/ThirdParty/FreeRTOS/timers.o
                0x0000000008005d0c                xTimerCreateTimerTask
 .text.xTimerCreate
                0x0000000008005d70       0x42 ./common/ThirdParty/FreeRTOS/timers.o
                0x0000000008005d70                xTimerCreate
 .text.prvInitialiseNewTimer
                0x0000000008005db2       0x76 ./common/ThirdParty/FreeRTOS/timers.o
 .text.xTimerGenericCommand
                0x0000000008005e28       0x9c ./common/ThirdParty/FreeRTOS/timers.o
                0x0000000008005e28                xTimerGenericCommand
 .text.prvProcessExpiredTimer
                0x0000000008005ec4       0x98 ./common/ThirdParty/FreeRTOS/timers.o
 .text.prvTimerTask
                0x0000000008005f5c       0x24 ./common/ThirdParty/FreeRTOS/timers.o
 .text.prvProcessTimerOrBlockTask
                0x0000000008005f80       0x9c ./common/ThirdParty/FreeRTOS/timers.o
 .text.prvGetNextExpireTime
                0x000000000800601c       0x48 ./common/ThirdParty/FreeRTOS/timers.o
 .text.prvSampleTimeNow
                0x0000000008006064       0x40 ./common/ThirdParty/FreeRTOS/timers.o
 .text.prvInsertTimerInActiveList
                0x00000000080060a4       0x84 ./common/ThirdParty/FreeRTOS/timers.o
 .text.prvProcessReceivedCommands
                0x0000000008006128      0x18c ./common/ThirdParty/FreeRTOS/timers.o
 .text.prvSwitchTimerLists
                0x00000000080062b4       0xc8 ./common/ThirdParty/FreeRTOS/timers.o
 .text.prvCheckForValidListAndQueue
                0x000000000800637c       0x6c ./common/ThirdParty/FreeRTOS/timers.o
 .text.pvTimerGetTimerID
                0x00000000080063e8       0x40 ./common/ThirdParty/FreeRTOS/timers.o
                0x00000000080063e8                pvTimerGetTimerID
 .text.pxPortInitialiseStack
                0x0000000008006428       0x68 ./common/ThirdParty/FreeRTOS/portable/GCC/ARM_CM4F/port.o
                0x0000000008006428                pxPortInitialiseStack
 .text.prvTaskExitError
                0x0000000008006490       0x58 ./common/ThirdParty/FreeRTOS/portable/GCC/ARM_CM4F/port.o
 *fill*         0x00000000080064e8        0x8 
 .text.SVC_Handler
                0x00000000080064f0       0x28 ./common/ThirdParty/FreeRTOS/portable/GCC/ARM_CM4F/port.o
                0x00000000080064f0                SVC_Handler
 .text.prvPortStartFirstTask
                0x0000000008006518       0x2c ./common/ThirdParty/FreeRTOS/portable/GCC/ARM_CM4F/port.o
 .text.xPortStartScheduler
                0x0000000008006544      0x144 ./common/ThirdParty/FreeRTOS/portable/GCC/ARM_CM4F/port.o
                0x0000000008006544                xPortStartScheduler
 .text.vPortEnterCritical
                0x0000000008006688       0x60 ./common/ThirdParty/FreeRTOS/portable/GCC/ARM_CM4F/port.o
                0x0000000008006688                vPortEnterCritical
 .text.vPortExitCritical
                0x00000000080066e8       0x54 ./common/ThirdParty/FreeRTOS/portable/GCC/ARM_CM4F/port.o
                0x00000000080066e8                vPortExitCritical
 *fill*         0x000000000800673c        0x4 
 .text.PendSV_Handler
                0x0000000008006740       0x68 ./common/ThirdParty/FreeRTOS/portable/GCC/ARM_CM4F/port.o
                0x0000000008006740                PendSV_Handler
 .text.SysTick_Handler
                0x00000000080067a8       0x44 ./common/ThirdParty/FreeRTOS/portable/GCC/ARM_CM4F/port.o
                0x00000000080067a8                SysTick_Handler
 .text.vPortSetupTimerInterrupt
                0x00000000080067ec       0x48 ./common/ThirdParty/FreeRTOS/portable/GCC/ARM_CM4F/port.o
                0x00000000080067ec                vPortSetupTimerInterrupt
 .text.vPortEnableVFP
                0x0000000008006834       0x18 ./common/ThirdParty/FreeRTOS/portable/GCC/ARM_CM4F/port.o
 .text.vPortValidateInterruptPriority
                0x000000000800684c       0x80 ./common/ThirdParty/FreeRTOS/portable/GCC/ARM_CM4F/port.o
                0x000000000800684c                vPortValidateInterruptPriority
 .text.pvPortMalloc
                0x00000000080068cc      0x1c0 ./common/ThirdParty/FreeRTOS/portable/MemMang/heap_4.o
                0x00000000080068cc                pvPortMalloc
 .text.vPortFree
                0x0000000008006a8c       0xc4 ./common/ThirdParty/FreeRTOS/portable/MemMang/heap_4.o
                0x0000000008006a8c                vPortFree
 .text.prvHeapInit
                0x0000000008006b50       0xc4 ./common/ThirdParty/FreeRTOS/portable/MemMang/heap_4.o
 .text.prvInsertBlockIntoFreeList
                0x0000000008006c14       0xb4 ./common/ThirdParty/FreeRTOS/portable/MemMang/heap_4.o
 .text.__libc_init_array
                0x0000000008006cc8       0x48 c:/st/stm32cubeide_1.7.0/stm32cubeide/plugins/com.st.stm32cube.ide.mcu.externaltools.gnu-tools-for-stm32.9-2020-q2-update.win32_2.0.0.202105311346/tools/bin/../lib/gcc/arm-none-eabi/9.3.1/../../../../arm-none-eabi/lib/thumb/v7e-m+fp/hard\libc_nano.a(lib_a-init.o)
                0x0000000008006cc8                __libc_init_array
 .text.memcpy   0x0000000008006d10       0x1c c:/st/stm32cubeide_1.7.0/stm32cubeide/plugins/com.st.stm32cube.ide.mcu.externaltools.gnu-tools-for-stm32.9-2020-q2-update.win32_2.0.0.202105311346/tools/bin/../lib/gcc/arm-none-eabi/9.3.1/../../../../arm-none-eabi/lib/thumb/v7e-m+fp/hard\libc_nano.a(lib_a-memcpy-stub.o)
                0x0000000008006d10                memcpy
 .text.memset   0x0000000008006d2c       0x10 c:/st/stm32cubeide_1.7.0/stm32cubeide/plugins/com.st.stm32cube.ide.mcu.externaltools.gnu-tools-for-stm32.9-2020-q2-update.win32_2.0.0.202105311346/tools/bin/../lib/gcc/arm-none-eabi/9.3.1/../../../../arm-none-eabi/lib/thumb/v7e-m+fp/hard\libc_nano.a(lib_a-memset.o)
                0x0000000008006d2c                memset
 .text.sprintf  0x0000000008006d3c       0x40 c:/st/stm32cubeide_1.7.0/stm32cubeide/plugins/com.st.stm32cube.ide.mcu.externaltools.gnu-tools-for-stm32.9-2020-q2-update.win32_2.0.0.202105311346/tools/bin/../lib/gcc/arm-none-eabi/9.3.1/../../../../arm-none-eabi/lib/thumb/v7e-m+fp/hard\libc_nano.a(lib_a-sprintf.o)
                0x0000000008006d3c                siprintf
                0x0000000008006d3c                sprintf
 .text.__ssputs_r
                0x0000000008006d7c       0xb6 c:/st/stm32cubeide_1.7.0/stm32cubeide/plugins/com.st.stm32cube.ide.mcu.externaltools.gnu-tools-for-stm32.9-2020-q2-update.win32_2.0.0.202105311346/tools/bin/../lib/gcc/arm-none-eabi/9.3.1/../../../../arm-none-eabi/lib/thumb/v7e-m+fp/hard\libc_nano.a(lib_a-nano-svfprintf.o)
                0x0000000008006d7c                __ssputs_r
 *fill*         0x0000000008006e32        0x2 
 .text._svfprintf_r
                0x0000000008006e34      0x200 c:/st/stm32cubeide_1.7.0/stm32cubeide/plugins/com.st.stm32cube.ide.mcu.externaltools.gnu-tools-for-stm32.9-2020-q2-update.win32_2.0.0.202105311346/tools/bin/../lib/gcc/arm-none-eabi/9.3.1/../../../../arm-none-eabi/lib/thumb/v7e-m+fp/hard\libc_nano.a(lib_a-nano-svfprintf.o)
                0x0000000008006e34                _svfiprintf_r
                0x0000000008006e34                _svfprintf_r
 .text._printf_common
                0x0000000008007034       0xda c:/st/stm32cubeide_1.7.0/stm32cubeide/plugins/com.st.stm32cube.ide.mcu.externaltools.gnu-tools-for-stm32.9-2020-q2-update.win32_2.0.0.202105311346/tools/bin/../lib/gcc/arm-none-eabi/9.3.1/../../../../arm-none-eabi/lib/thumb/v7e-m+fp/hard\libc_nano.a(lib_a-nano-vfprintf_i.o)
                0x0000000008007034                _printf_common
 *fill*         0x000000000800710e        0x2 
 .text._printf_i
                0x0000000008007110      0x24c c:/st/stm32cubeide_1.7.0/stm32cubeide/plugins/com.st.stm32cube.ide.mcu.externaltools.gnu-tools-for-stm32.9-2020-q2-update.win32_2.0.0.202105311346/tools/bin/../lib/gcc/arm-none-eabi/9.3.1/../../../../arm-none-eabi/lib/thumb/v7e-m+fp/hard\libc_nano.a(lib_a-nano-vfprintf_i.o)
                0x0000000008007110                _printf_i
 .text.memmove  0x000000000800735c       0x34 c:/st/stm32cubeide_1.7.0/stm32cubeide/plugins/com.st.stm32cube.ide.mcu.externaltools.gnu-tools-for-stm32.9-2020-q2-update.win32_2.0.0.202105311346/tools/bin/../lib/gcc/arm-none-eabi/9.3.1/../../../../arm-none-eabi/lib/thumb/v7e-m+fp/hard\libc_nano.a(lib_a-memmove.o)
                0x000000000800735c                memmove
 .text._free_r  0x0000000008007390       0xa0 c:/st/stm32cubeide_1.7.0/stm32cubeide/plugins/com.st.stm32cube.ide.mcu.externaltools.gnu-tools-for-stm32.9-2020-q2-update.win32_2.0.0.202105311346/tools/bin/../lib/gcc/arm-none-eabi/9.3.1/../../../../arm-none-eabi/lib/thumb/v7e-m+fp/hard\libc_nano.a(lib_a-nano-freer.o)
                0x0000000008007390                _free_r
 .text._malloc_r
                0x0000000008007430       0xb4 c:/st/stm32cubeide_1.7.0/stm32cubeide/plugins/com.st.stm32cube.ide.mcu.externaltools.gnu-tools-for-stm32.9-2020-q2-update.win32_2.0.0.202105311346/tools/bin/../lib/gcc/arm-none-eabi/9.3.1/../../../../arm-none-eabi/lib/thumb/v7e-m+fp/hard\libc_nano.a(lib_a-nano-mallocr.o)
                0x0000000008007430                _malloc_r
 .text._realloc_r
                0x00000000080074e4       0x4c c:/st/stm32cubeide_1.7.0/stm32cubeide/plugins/com.st.stm32cube.ide.mcu.externaltools.gnu-tools-for-stm32.9-2020-q2-update.win32_2.0.0.202105311346/tools/bin/../lib/gcc/arm-none-eabi/9.3.1/../../../../arm-none-eabi/lib/thumb/v7e-m+fp/hard\libc_nano.a(lib_a-nano-reallocr.o)
                0x00000000080074e4                _realloc_r
 .text._sbrk_r  0x0000000008007530       0x20 c:/st/stm32cubeide_1.7.0/stm32cubeide/plugins/com.st.stm32cube.ide.mcu.externaltools.gnu-tools-for-stm32.9-2020-q2-update.win32_2.0.0.202105311346/tools/bin/../lib/gcc/arm-none-eabi/9.3.1/../../../../arm-none-eabi/lib/thumb/v7e-m+fp/hard\libc_nano.a(lib_a-sbrkr.o)
                0x0000000008007530                _sbrk_r
 .text.__malloc_lock
                0x0000000008007550        0xc c:/st/stm32cubeide_1.7.0/stm32cubeide/plugins/com.st.stm32cube.ide.mcu.externaltools.gnu-tools-for-stm32.9-2020-q2-update.win32_2.0.0.202105311346/tools/bin/../lib/gcc/arm-none-eabi/9.3.1/../../../../arm-none-eabi/lib/thumb/v7e-m+fp/hard\libc_nano.a(lib_a-mlock.o)
                0x0000000008007550                __malloc_lock
 .text.__malloc_unlock
                0x000000000800755c        0xc c:/st/stm32cubeide_1.7.0/stm32cubeide/plugins/com.st.stm32cube.ide.mcu.externaltools.gnu-tools-for-stm32.9-2020-q2-update.win32_2.0.0.202105311346/tools/bin/../lib/gcc/arm-none-eabi/9.3.1/../../../../arm-none-eabi/lib/thumb/v7e-m+fp/hard\libc_nano.a(lib_a-mlock.o)
                0x000000000800755c                __malloc_unlock
 .text._malloc_usable_size_r
                0x0000000008007568       0x10 c:/st/stm32cubeide_1.7.0/stm32cubeide/plugins/com.st.stm32cube.ide.mcu.externaltools.gnu-tools-for-stm32.9-2020-q2-update.win32_2.0.0.202105311346/tools/bin/../lib/gcc/arm-none-eabi/9.3.1/../../../../arm-none-eabi/lib/thumb/v7e-m+fp/hard\libc_nano.a(lib_a-nano-msizer.o)
                0x0000000008007568                _malloc_usable_size_r
 .text.__retarget_lock_acquire_recursive
                0x0000000008007578        0x2 c:/st/stm32cubeide_1.7.0/stm32cubeide/plugins/com.st.stm32cube.ide.mcu.externaltools.gnu-tools-for-stm32.9-2020-q2-update.win32_2.0.0.202105311346/tools/bin/../lib/gcc/arm-none-eabi/9.3.1/../../../../arm-none-eabi/lib/thumb/v7e-m+fp/hard\libc_nano.a(lib_a-lock.o)
                0x0000000008007578                __retarget_lock_acquire_recursive
 .text.__retarget_lock_release_recursive
                0x000000000800757a        0x2 c:/st/stm32cubeide_1.7.0/stm32cubeide/plugins/com.st.stm32cube.ide.mcu.externaltools.gnu-tools-for-stm32.9-2020-q2-update.win32_2.0.0.202105311346/tools/bin/../lib/gcc/arm-none-eabi/9.3.1/../../../../arm-none-eabi/lib/thumb/v7e-m+fp/hard\libc_nano.a(lib_a-lock.o)
                0x000000000800757a                __retarget_lock_release_recursive
 .text._sbrk    0x000000000800757c       0x1c c:/st/stm32cubeide_1.7.0/stm32cubeide/plugins/com.st.stm32cube.ide.mcu.externaltools.gnu-tools-for-stm32.9-2020-q2-update.win32_2.0.0.202105311346/tools/bin/../lib/gcc/arm-none-eabi/9.3.1/../../../../arm-none-eabi/lib/thumb/v7e-m+fp/hard\libnosys.a(sbrk.o)
                0x000000000800757c                _sbrk
 *(.glue_7)
 .glue_7        0x0000000008007598        0x0 linker stubs
 *(.glue_7t)
 .glue_7t       0x0000000008007598        0x0 linker stubs
 *(.eh_frame)
 .eh_frame      0x0000000008007598        0x0 c:/st/stm32cubeide_1.7.0/stm32cubeide/plugins/com.st.stm32cube.ide.mcu.externaltools.gnu-tools-for-stm32.9-2020-q2-update.win32_2.0.0.202105311346/tools/bin/../lib/gcc/arm-none-eabi/9.3.1/thumb/v7e-m+fp/hard/crtbegin.o
 *(.init)
 .init          0x0000000008007598        0x4 c:/st/stm32cubeide_1.7.0/stm32cubeide/plugins/com.st.stm32cube.ide.mcu.externaltools.gnu-tools-for-stm32.9-2020-q2-update.win32_2.0.0.202105311346/tools/bin/../lib/gcc/arm-none-eabi/9.3.1/thumb/v7e-m+fp/hard/crti.o
                0x0000000008007598                _init
 .init          0x000000000800759c        0x8 c:/st/stm32cubeide_1.7.0/stm32cubeide/plugins/com.st.stm32cube.ide.mcu.externaltools.gnu-tools-for-stm32.9-2020-q2-update.win32_2.0.0.202105311346/tools/bin/../lib/gcc/arm-none-eabi/9.3.1/thumb/v7e-m+fp/hard/crtn.o
 *(.fini)
 .fini          0x00000000080075a4        0x4 c:/st/stm32cubeide_1.7.0/stm32cubeide/plugins/com.st.stm32cube.ide.mcu.externaltools.gnu-tools-for-stm32.9-2020-q2-update.win32_2.0.0.202105311346/tools/bin/../lib/gcc/arm-none-eabi/9.3.1/thumb/v7e-m+fp/hard/crti.o
                0x00000000080075a4                _fini
 .fini          0x00000000080075a8        0x8 c:/st/stm32cubeide_1.7.0/stm32cubeide/plugins/com.st.stm32cube.ide.mcu.externaltools.gnu-tools-for-stm32.9-2020-q2-update.win32_2.0.0.202105311346/tools/bin/../lib/gcc/arm-none-eabi/9.3.1/thumb/v7e-m+fp/hard/crtn.o
                0x00000000080075b0                . = ALIGN (0x4)
                0x00000000080075b0                _etext = .

.vfp11_veneer   0x00000000080075b0        0x0
 .vfp11_veneer  0x00000000080075b0        0x0 linker stubs

.v4_bx          0x00000000080075b0        0x0
 .v4_bx         0x00000000080075b0        0x0 linker stubs

.iplt           0x00000000080075b0        0x0
 .iplt          0x00000000080075b0        0x0 c:/st/stm32cubeide_1.7.0/stm32cubeide/plugins/com.st.stm32cube.ide.mcu.externaltools.gnu-tools-for-stm32.9-2020-q2-update.win32_2.0.0.202105311346/tools/bin/../lib/gcc/arm-none-eabi/9.3.1/thumb/v7e-m+fp/hard/crtbegin.o

.rodata         0x00000000080075b0       0xc8
                0x00000000080075b0                . = ALIGN (0x4)
 *(.rodata)
 .rodata        0x00000000080075b0       0x3a ./Core/Src/main.o
 *fill*         0x00000000080075ea        0x2 
 .rodata        0x00000000080075ec       0x10 ./Core/Src/rtc.o
 .rodata        0x00000000080075fc       0x16 ./Core/Src/task_handler.o
 *fill*         0x0000000008007612        0x2 
 .rodata        0x0000000008007614        0x5 ./common/ThirdParty/FreeRTOS/tasks.o
 *fill*         0x0000000008007619        0x3 
 .rodata        0x000000000800761c        0xd ./common/ThirdParty/FreeRTOS/timers.o
 *(.rodata*)
 *fill*         0x0000000008007629        0x3 
 .rodata.AHBPrescTable
                0x000000000800762c       0x10 ./Core/Src/system_stm32f4xx.o
                0x000000000800762c                AHBPrescTable
 .rodata.APBPrescTable
                0x000000000800763c        0x8 ./Core/Src/system_stm32f4xx.o
                0x000000000800763c                APBPrescTable
 .rodata._svfprintf_r.str1.1
                0x0000000008007644       0x11 c:/st/stm32cubeide_1.7.0/stm32cubeide/plugins/com.st.stm32cube.ide.mcu.externaltools.gnu-tools-for-stm32.9-2020-q2-update.win32_2.0.0.202105311346/tools/bin/../lib/gcc/arm-none-eabi/9.3.1/../../../../arm-none-eabi/lib/thumb/v7e-m+fp/hard\libc_nano.a(lib_a-nano-svfprintf.o)
 .rodata._printf_i.str1.1
                0x0000000008007655       0x22 c:/st/stm32cubeide_1.7.0/stm32cubeide/plugins/com.st.stm32cube.ide.mcu.externaltools.gnu-tools-for-stm32.9-2020-q2-update.win32_2.0.0.202105311346/tools/bin/../lib/gcc/arm-none-eabi/9.3.1/../../../../arm-none-eabi/lib/thumb/v7e-m+fp/hard\libc_nano.a(lib_a-nano-vfprintf_i.o)
                0x0000000008007678                . = ALIGN (0x4)
 *fill*         0x0000000008007677        0x1 

.ARM.extab      0x0000000008007678        0x0
                0x0000000008007678                . = ALIGN (0x4)
 *(.ARM.extab* .gnu.linkonce.armextab.*)
                0x0000000008007678                . = ALIGN (0x4)

.ARM            0x0000000008007678        0x8
                0x0000000008007678                . = ALIGN (0x4)
                0x0000000008007678                __exidx_start = .
 *(.ARM.exidx*)
 .ARM.exidx     0x0000000008007678        0x8 c:/st/stm32cubeide_1.7.0/stm32cubeide/plugins/com.st.stm32cube.ide.mcu.externaltools.gnu-tools-for-stm32.9-2020-q2-update.win32_2.0.0.202105311346/tools/bin/../lib/gcc/arm-none-eabi/9.3.1/thumb/v7e-m+fp/hard\libgcc.a(_udivmoddi4.o)
                0x0000000008007680                __exidx_end = .
                0x0000000008007680                . = ALIGN (0x4)

.rel.dyn        0x0000000008007680        0x0
 .rel.iplt      0x0000000008007680        0x0 c:/st/stm32cubeide_1.7.0/stm32cubeide/plugins/com.st.stm32cube.ide.mcu.externaltools.gnu-tools-for-stm32.9-2020-q2-update.win32_2.0.0.202105311346/tools/bin/../lib/gcc/arm-none-eabi/9.3.1/thumb/v7e-m+fp/hard/crtbegin.o

.preinit_array  0x0000000008007680        0x0
                0x0000000008007680                . = ALIGN (0x4)
                0x0000000008007680                PROVIDE (__preinit_array_start = .)
 *(.preinit_array*)
                0x0000000008007680                PROVIDE (__preinit_array_end = .)
                0x0000000008007680                . = ALIGN (0x4)

.init_array     0x0000000008007680        0x4
                0x0000000008007680                . = ALIGN (0x4)
                0x0000000008007680                PROVIDE (__init_array_start = .)
 *(SORT_BY_NAME(.init_array.*))
 *(.init_array*)
 .init_array    0x0000000008007680        0x4 c:/st/stm32cubeide_1.7.0/stm32cubeide/plugins/com.st.stm32cube.ide.mcu.externaltools.gnu-tools-for-stm32.9-2020-q2-update.win32_2.0.0.202105311346/tools/bin/../lib/gcc/arm-none-eabi/9.3.1/thumb/v7e-m+fp/hard/crtbegin.o
                0x0000000008007684                PROVIDE (__init_array_end = .)
                0x0000000008007684                . = ALIGN (0x4)

.fini_array     0x0000000008007684        0x4
                0x0000000008007684                . = ALIGN (0x4)
                [!provide]                        PROVIDE (__fini_array_start = .)
 *(SORT_BY_NAME(.fini_array.*))
 *(.fini_array*)
 .fini_array    0x0000000008007684        0x4 c:/st/stm32cubeide_1.7.0/stm32cubeide/plugins/com.st.stm32cube.ide.mcu.externaltools.gnu-tools-for-stm32.9-2020-q2-update.win32_2.0.0.202105311346/tools/bin/../lib/gcc/arm-none-eabi/9.3.1/thumb/v7e-m+fp/hard/crtbegin.o
                [!provide]                        PROVIDE (__fini_array_end = .)
                0x0000000008007688                . = ALIGN (0x4)
                0x0000000008007688                _sidata = LOADADDR (.data)

.data           0x0000000020000000       0x84 load address 0x0000000008007688
                0x0000000020000000                . = ALIGN (0x4)
                0x0000000020000000                _sdata = .
 *(.data)
 *(.data*)
 .data.flag.10280
                0x0000000020000000        0x1 ./Core/Src/led_effect.o
 .data.flag.10284
                0x0000000020000001        0x1 ./Core/Src/led_effect.o
 .data.flag.10288
                0x0000000020000002        0x1 ./Core/Src/led_effect.o
 .data.flag.10292
                0x0000000020000003        0x1 ./Core/Src/led_effect.o
 .data.time.10273
                0x0000000020000004        0x4 ./Core/Src/rtc.o
 .data.SystemCoreClock
                0x0000000020000008        0x4 ./Core/Src/system_stm32f4xx.o
                0x0000000020000008                SystemCoreClock
 .data.msg_inv  0x000000002000000c        0x4 ./Core/Src/task_handler.o
                0x000000002000000c                msg_inv
 .data.uwTickPrio
                0x0000000020000010        0x4 ./Drivers/STM32F4xx_HAL_Driver/Src/stm32f4xx_hal.o
                0x0000000020000010                uwTickPrio
 .data.uwTickFreq
                0x0000000020000014        0x1 ./Drivers/STM32F4xx_HAL_Driver/Src/stm32f4xx_hal.o
                0x0000000020000014                uwTickFreq
 *fill*         0x0000000020000015        0x3 
 .data.uxTopUsedPriority
                0x0000000020000018        0x4 ./common/ThirdParty/FreeRTOS/tasks.o
                0x0000000020000018                uxTopUsedPriority
 .data.uxCriticalNesting
                0x000000002000001c        0x4 ./common/ThirdParty/FreeRTOS/portable/GCC/ARM_CM4F/port.o
 .data._impure_ptr
                0x0000000020000020        0x4 c:/st/stm32cubeide_1.7.0/stm32cubeide/plugins/com.st.stm32cube.ide.mcu.externaltools.gnu-tools-for-stm32.9-2020-q2-update.win32_2.0.0.202105311346/tools/bin/../lib/gcc/arm-none-eabi/9.3.1/../../../../arm-none-eabi/lib/thumb/v7e-m+fp/hard\libc_nano.a(lib_a-impure.o)
                0x0000000020000020                _impure_ptr
 .data.impure_data
                0x0000000020000024       0x60 c:/st/stm32cubeide_1.7.0/stm32cubeide/plugins/com.st.stm32cube.ide.mcu.externaltools.gnu-tools-for-stm32.9-2020-q2-update.win32_2.0.0.202105311346/tools/bin/../lib/gcc/arm-none-eabi/9.3.1/../../../../arm-none-eabi/lib/thumb/v7e-m+fp/hard\libc_nano.a(lib_a-impure.o)
 *(.RamFunc)
 *(.RamFunc*)
                0x0000000020000084                . = ALIGN (0x4)
                0x0000000020000084                _edata = .
                0x000000000800770c                _siccmram = LOADADDR (.ccmram)

.igot.plt       0x0000000020000084        0x0 load address 0x000000000800770c
 .igot.plt      0x0000000020000084        0x0 c:/st/stm32cubeide_1.7.0/stm32cubeide/plugins/com.st.stm32cube.ide.mcu.externaltools.gnu-tools-for-stm32.9-2020-q2-update.win32_2.0.0.202105311346/tools/bin/../lib/gcc/arm-none-eabi/9.3.1/thumb/v7e-m+fp/hard/crtbegin.o

.ccmram         0x0000000010000000        0x0 load address 0x000000000800770c
                0x0000000010000000                . = ALIGN (0x4)
                0x0000000010000000                _sccmram = .
 *(.ccmram)
 *(.ccmram*)
                0x0000000010000000                . = ALIGN (0x4)
                0x0000000010000000                _eccmram = .
                0x0000000010000000                . = ALIGN (0x4)

.bss            0x0000000020000084     0xcae8
                0x0000000020000084                _sbss = .
                0x0000000020000084                __bss_start__ = _sbss
 *(.bss)
 .bss           0x0000000020000084       0x1c c:/st/stm32cubeide_1.7.0/stm32cubeide/plugins/com.st.stm32cube.ide.mcu.externaltools.gnu-tools-for-stm32.9-2020-q2-update.win32_2.0.0.202105311346/tools/bin/../lib/gcc/arm-none-eabi/9.3.1/thumb/v7e-m+fp/hard/crtbegin.o
 *(.bss*)
 .bss.curr_state
                0x00000000200000a0        0x1 ./Core/Src/main.o
                0x00000000200000a0                curr_state
 *fill*         0x00000000200000a1        0x3 
 .bss.show_time.10270
                0x00000000200000a4       0x28 ./Core/Src/rtc.o
 .bss.pxCurrentTCB
                0x00000000200000cc        0x4 ./common/ThirdParty/FreeRTOS/tasks.o
                0x00000000200000cc                pxCurrentTCB
 .bss.pxReadyTasksLists
                0x00000000200000d0       0x64 ./common/ThirdParty/FreeRTOS/tasks.o
 .bss.xDelayedTaskList1
                0x0000000020000134       0x14 ./common/ThirdParty/FreeRTOS/tasks.o
 .bss.xDelayedTaskList2
                0x0000000020000148       0x14 ./common/ThirdParty/FreeRTOS/tasks.o
 .bss.pxDelayedTaskList
                0x000000002000015c        0x4 ./common/ThirdParty/FreeRTOS/tasks.o
 .bss.pxOverflowDelayedTaskList
                0x0000000020000160        0x4 ./common/ThirdParty/FreeRTOS/tasks.o
 .bss.xPendingReadyList
                0x0000000020000164       0x14 ./common/ThirdParty/FreeRTOS/tasks.o
 .bss.xTasksWaitingTermination
                0x0000000020000178       0x14 ./common/ThirdParty/FreeRTOS/tasks.o
 .bss.uxDeletedTasksWaitingCleanUp
                0x000000002000018c        0x4 ./common/ThirdParty/FreeRTOS/tasks.o
 .bss.xSuspendedTaskList
                0x0000000020000190       0x14 ./common/ThirdParty/FreeRTOS/tasks.o
 .bss.uxCurrentNumberOfTasks
                0x00000000200001a4        0x4 ./common/ThirdParty/FreeRTOS/tasks.o
 .bss.xTickCount
                0x00000000200001a8        0x4 ./common/ThirdParty/FreeRTOS/tasks.o
 .bss.uxTopReadyPriority
                0x00000000200001ac        0x4 ./common/ThirdParty/FreeRTOS/tasks.o
 .bss.xSchedulerRunning
                0x00000000200001b0        0x4 ./common/ThirdParty/FreeRTOS/tasks.o
 .bss.xPendedTicks
                0x00000000200001b4        0x4 ./common/ThirdParty/FreeRTOS/tasks.o
 .bss.xYieldPending
                0x00000000200001b8        0x4 ./common/ThirdParty/FreeRTOS/tasks.o
 .bss.xNumOfOverflows
                0x00000000200001bc        0x4 ./common/ThirdParty/FreeRTOS/tasks.o
 .bss.uxTaskNumber
                0x00000000200001c0        0x4 ./common/ThirdParty/FreeRTOS/tasks.o
 .bss.xNextTaskUnblockTime
                0x00000000200001c4        0x4 ./common/ThirdParty/FreeRTOS/tasks.o
 .bss.xIdleTaskHandle
                0x00000000200001c8        0x4 ./common/ThirdParty/FreeRTOS/tasks.o
 .bss.uxSchedulerSuspended
                0x00000000200001cc        0x4 ./common/ThirdParty/FreeRTOS/tasks.o
 .bss.xActiveTimerList1
                0x00000000200001d0       0x14 ./common/ThirdParty/FreeRTOS/timers.o
 .bss.xActiveTimerList2
                0x00000000200001e4       0x14 ./common/ThirdParty/FreeRTOS/timers.o
 .bss.pxCurrentTimerList
                0x00000000200001f8        0x4 ./common/ThirdParty/FreeRTOS/timers.o
 .bss.pxOverflowTimerList
                0x00000000200001fc        0x4 ./common/ThirdParty/FreeRTOS/timers.o
 .bss.xTimerQueue
                0x0000000020000200        0x4 ./common/ThirdParty/FreeRTOS/timers.o
 .bss.xTimerTaskHandle
                0x0000000020000204        0x4 ./common/ThirdParty/FreeRTOS/timers.o
 .bss.xLastTime.6898
                0x0000000020000208        0x4 ./common/ThirdParty/FreeRTOS/timers.o
 .bss.ucMaxSysCallPriority
                0x000000002000020c        0x1 ./common/ThirdParty/FreeRTOS/portable/GCC/ARM_CM4F/port.o
 *fill*         0x000000002000020d        0x3 
 .bss.ulMaxPRIGROUPValue
                0x0000000020000210        0x4 ./common/ThirdParty/FreeRTOS/portable/GCC/ARM_CM4F/port.o
 .bss.ucHeap    0x0000000020000214     0xc800 ./common/ThirdParty/FreeRTOS/portable/MemMang/heap_4.o
 .bss.xStart    0x000000002000ca14        0x8 ./common/ThirdParty/FreeRTOS/portable/MemMang/heap_4.o
 .bss.pxEnd     0x000000002000ca1c        0x4 ./common/ThirdParty/FreeRTOS/portable/MemMang/heap_4.o
 .bss.xFreeBytesRemaining
                0x000000002000ca20        0x4 ./common/ThirdParty/FreeRTOS/portable/MemMang/heap_4.o
 .bss.xMinimumEverFreeBytesRemaining
                0x000000002000ca24        0x4 ./common/ThirdParty/FreeRTOS/portable/MemMang/heap_4.o
 .bss.xNumberOfSuccessfulAllocations
                0x000000002000ca28        0x4 ./common/ThirdParty/FreeRTOS/portable/MemMang/heap_4.o
 .bss.xNumberOfSuccessfulFrees
                0x000000002000ca2c        0x4 ./common/ThirdParty/FreeRTOS/portable/MemMang/heap_4.o
 .bss.xBlockAllocatedBit
                0x000000002000ca30        0x4 ./common/ThirdParty/FreeRTOS/portable/MemMang/heap_4.o
 .bss.__malloc_free_list
                0x000000002000ca34        0x4 c:/st/stm32cubeide_1.7.0/stm32cubeide/plugins/com.st.stm32cube.ide.mcu.externaltools.gnu-tools-for-stm32.9-2020-q2-update.win32_2.0.0.202105311346/tools/bin/../lib/gcc/arm-none-eabi/9.3.1/../../../../arm-none-eabi/lib/thumb/v7e-m+fp/hard\libc_nano.a(lib_a-nano-mallocr.o)
                0x000000002000ca34                __malloc_free_list
 .bss.__malloc_sbrk_start
                0x000000002000ca38        0x4 c:/st/stm32cubeide_1.7.0/stm32cubeide/plugins/com.st.stm32cube.ide.mcu.externaltools.gnu-tools-for-stm32.9-2020-q2-update.win32_2.0.0.202105311346/tools/bin/../lib/gcc/arm-none-eabi/9.3.1/../../../../arm-none-eabi/lib/thumb/v7e-m+fp/hard\libc_nano.a(lib_a-nano-mallocr.o)
                0x000000002000ca38                __malloc_sbrk_start
 .bss.heap_end.5507
                0x000000002000ca3c        0x4 c:/st/stm32cubeide_1.7.0/stm32cubeide/plugins/com.st.stm32cube.ide.mcu.externaltools.gnu-tools-for-stm32.9-2020-q2-update.win32_2.0.0.202105311346/tools/bin/../lib/gcc/arm-none-eabi/9.3.1/../../../../arm-none-eabi/lib/thumb/v7e-m+fp/hard\libnosys.a(sbrk.o)
 *(COMMON)
 COMMON         0x000000002000ca40       0x90 ./Core/Src/main.o
                0x000000002000ca40                handle_led_timer
                0x000000002000ca50                handle_cmd_task
                0x000000002000ca54                q_data
                0x000000002000ca58                handle_menu_task
                0x000000002000ca5c                q_print
                0x000000002000ca60                hrtc
                0x000000002000ca80                handle_print_task
                0x000000002000ca84                handle_led_task
                0x000000002000ca88                user_data
                0x000000002000ca8c                huart2
 COMMON         0x000000002000cad0       0x48 ./Core/Src/stm32f4xx_hal_timebase_tim.o
                0x000000002000cad0                htim6
 COMMON         0x000000002000cb18        0x4 ./Drivers/STM32F4xx_HAL_Driver/Src/stm32f4xx_hal.o
                0x000000002000cb18                uwTick
 COMMON         0x000000002000cb1c       0x40 ./common/ThirdParty/FreeRTOS/queue.o
                0x000000002000cb1c                xQueueRegistry
 COMMON         0x000000002000cb5c        0x4 c:/st/stm32cubeide_1.7.0/stm32cubeide/plugins/com.st.stm32cube.ide.mcu.externaltools.gnu-tools-for-stm32.9-2020-q2-update.win32_2.0.0.202105311346/tools/bin/../lib/gcc/arm-none-eabi/9.3.1/../../../../arm-none-eabi/lib/thumb/v7e-m+fp/hard\libc_nano.a(lib_a-reent.o)
                0x000000002000cb5c                errno
 COMMON         0x000000002000cb60        0x9 c:/st/stm32cubeide_1.7.0/stm32cubeide/plugins/com.st.stm32cube.ide.mcu.externaltools.gnu-tools-for-stm32.9-2020-q2-update.win32_2.0.0.202105311346/tools/bin/../lib/gcc/arm-none-eabi/9.3.1/../../../../arm-none-eabi/lib/thumb/v7e-m+fp/hard\libc_nano.a(lib_a-lock.o)
                0x000000002000cb60                __lock___atexit_recursive_mutex
                0x000000002000cb61                __lock___arc4random_mutex
                0x000000002000cb62                __lock___env_recursive_mutex
                0x000000002000cb63                __lock___sinit_recursive_mutex
                0x000000002000cb64                __lock___malloc_recursive_mutex
                0x000000002000cb65                __lock___at_quick_exit_mutex
                0x000000002000cb66                __lock___dd_hash_mutex
                0x000000002000cb67                __lock___tz_mutex
                0x000000002000cb68                __lock___sfp_recursive_mutex
                0x000000002000cb6c                . = ALIGN (0x4)
 *fill*         0x000000002000cb69        0x3 
                0x000000002000cb6c                _ebss = .
                0x000000002000cb6c                __bss_end__ = _ebss

._user_heap_stack
                0x000000002000cb6c      0x604
                0x000000002000cb70                . = ALIGN (0x8)
 *fill*         0x000000002000cb6c        0x4 
                0x000000002000cb70                PROVIDE (end = .)
                [!provide]                        PROVIDE (_end = .)
                0x000000002000cd70                . = (. + _Min_Heap_Size)
 *fill*         0x000000002000cb70      0x200 
                0x000000002000d170                . = (. + _Min_Stack_Size)
 *fill*         0x000000002000cd70      0x400 
                0x000000002000d170                . = ALIGN (0x8)

/DISCARD/
 libc.a(*)
 libm.a(*)
 libgcc.a(*)

.ARM.attributes
                0x0000000000000000       0x30
 *(.ARM.attributes)
 .ARM.attributes
                0x0000000000000000       0x1e c:/st/stm32cubeide_1.7.0/stm32cubeide/plugins/com.st.stm32cube.ide.mcu.externaltools.gnu-tools-for-stm32.9-2020-q2-update.win32_2.0.0.202105311346/tools/bin/../lib/gcc/arm-none-eabi/9.3.1/thumb/v7e-m+fp/hard/crti.o
 .ARM.attributes
                0x000000000000001e       0x34 c:/st/stm32cubeide_1.7.0/stm32cubeide/plugins/com.st.stm32cube.ide.mcu.externaltools.gnu-tools-for-stm32.9-2020-q2-update.win32_2.0.0.202105311346/tools/bin/../lib/gcc/arm-none-eabi/9.3.1/thumb/v7e-m+fp/hard/crtbegin.o
 .ARM.attributes
                0x0000000000000052       0x34 ./Core/Src/led_effect.o
 .ARM.attributes
                0x0000000000000086       0x34 ./Core/Src/main.o
 .ARM.attributes
                0x00000000000000ba       0x34 ./Core/Src/rtc.o
 .ARM.attributes
                0x00000000000000ee       0x34 ./Core/Src/stm32f4xx_hal_msp.o
 .ARM.attributes
                0x0000000000000122       0x34 ./Core/Src/stm32f4xx_hal_timebase_tim.o
 .ARM.attributes
                0x0000000000000156       0x34 ./Core/Src/stm32f4xx_it.o
 .ARM.attributes
                0x000000000000018a       0x34 ./Core/Src/system_stm32f4xx.o
 .ARM.attributes
                0x00000000000001be       0x34 ./Core/Src/task_handler.o
 .ARM.attributes
                0x00000000000001f2       0x21 ./Core/Startup/startup_stm32f407vgtx.o
 .ARM.attributes
                0x0000000000000213       0x34 ./Drivers/STM32F4xx_HAL_Driver/Src/stm32f4xx_hal.o
 .ARM.attributes
                0x0000000000000247       0x34 ./Drivers/STM32F4xx_HAL_Driver/Src/stm32f4xx_hal_cortex.o
 .ARM.attributes
                0x000000000000027b       0x34 ./Drivers/STM32F4xx_HAL_Driver/Src/stm32f4xx_hal_dma.o
 .ARM.attributes
                0x00000000000002af       0x34 ./Drivers/STM32F4xx_HAL_Driver/Src/stm32f4xx_hal_gpio.o
 .ARM.attributes
                0x00000000000002e3       0x34 ./Drivers/STM32F4xx_HAL_Driver/Src/stm32f4xx_hal_rcc.o
 .ARM.attributes
                0x0000000000000317       0x34 ./Drivers/STM32F4xx_HAL_Driver/Src/stm32f4xx_hal_rcc_ex.o
 .ARM.attributes
                0x000000000000034b       0x34 ./Drivers/STM32F4xx_HAL_Driver/Src/stm32f4xx_hal_rtc.o
 .ARM.attributes
                0x000000000000037f       0x34 ./Drivers/STM32F4xx_HAL_Driver/Src/stm32f4xx_hal_tim.o
 .ARM.attributes
                0x00000000000003b3       0x34 ./Drivers/STM32F4xx_HAL_Driver/Src/stm32f4xx_hal_tim_ex.o
 .ARM.attributes
                0x00000000000003e7       0x34 ./Drivers/STM32F4xx_HAL_Driver/Src/stm32f4xx_hal_uart.o
 .ARM.attributes
                0x000000000000041b       0x34 ./common/ThirdParty/FreeRTOS/list.o
 .ARM.attributes
                0x000000000000044f       0x34 ./common/ThirdParty/FreeRTOS/queue.o
 .ARM.attributes
                0x0000000000000483       0x34 ./common/ThirdParty/FreeRTOS/tasks.o
 .ARM.attributes
                0x00000000000004b7       0x34 ./common/ThirdParty/FreeRTOS/timers.o
 .ARM.attributes
                0x00000000000004eb       0x34 ./common/ThirdParty/FreeRTOS/portable/GCC/ARM_CM4F/port.o
 .ARM.attributes
                0x000000000000051f       0x34 ./common/ThirdParty/FreeRTOS/portable/MemMang/heap_4.o
 .ARM.attributes
                0x0000000000000553       0x32 c:/st/stm32cubeide_1.7.0/stm32cubeide/plugins/com.st.stm32cube.ide.mcu.externaltools.gnu-tools-for-stm32.9-2020-q2-update.win32_2.0.0.202105311346/tools/bin/../lib/gcc/arm-none-eabi/9.3.1/../../../../arm-none-eabi/lib/thumb/v7e-m+fp/hard\libc_nano.a(lib_a-impure.o)
 .ARM.attributes
                0x0000000000000585       0x34 c:/st/stm32cubeide_1.7.0/stm32cubeide/plugins/com.st.stm32cube.ide.mcu.externaltools.gnu-tools-for-stm32.9-2020-q2-update.win32_2.0.0.202105311346/tools/bin/../lib/gcc/arm-none-eabi/9.3.1/../../../../arm-none-eabi/lib/thumb/v7e-m+fp/hard\libc_nano.a(lib_a-init.o)
 .ARM.attributes
                0x00000000000005b9       0x34 c:/st/stm32cubeide_1.7.0/stm32cubeide/plugins/com.st.stm32cube.ide.mcu.externaltools.gnu-tools-for-stm32.9-2020-q2-update.win32_2.0.0.202105311346/tools/bin/../lib/gcc/arm-none-eabi/9.3.1/../../../../arm-none-eabi/lib/thumb/v7e-m+fp/hard\libc_nano.a(lib_a-memcpy-stub.o)
 .ARM.attributes
                0x00000000000005ed       0x34 c:/st/stm32cubeide_1.7.0/stm32cubeide/plugins/com.st.stm32cube.ide.mcu.externaltools.gnu-tools-for-stm32.9-2020-q2-update.win32_2.0.0.202105311346/tools/bin/../lib/gcc/arm-none-eabi/9.3.1/../../../../arm-none-eabi/lib/thumb/v7e-m+fp/hard\libc_nano.a(lib_a-memset.o)
 .ARM.attributes
                0x0000000000000621       0x34 c:/st/stm32cubeide_1.7.0/stm32cubeide/plugins/com.st.stm32cube.ide.mcu.externaltools.gnu-tools-for-stm32.9-2020-q2-update.win32_2.0.0.202105311346/tools/bin/../lib/gcc/arm-none-eabi/9.3.1/../../../../arm-none-eabi/lib/thumb/v7e-m+fp/hard\libc_nano.a(lib_a-sprintf.o)
 .ARM.attributes
                0x0000000000000655       0x1c c:/st/stm32cubeide_1.7.0/stm32cubeide/plugins/com.st.stm32cube.ide.mcu.externaltools.gnu-tools-for-stm32.9-2020-q2-update.win32_2.0.0.202105311346/tools/bin/../lib/gcc/arm-none-eabi/9.3.1/../../../../arm-none-eabi/lib/thumb/v7e-m+fp/hard\libc_nano.a(lib_a-strcmp.o)
 .ARM.attributes
                0x0000000000000671       0x17 c:/st/stm32cubeide_1.7.0/stm32cubeide/plugins/com.st.stm32cube.ide.mcu.externaltools.gnu-tools-for-stm32.9-2020-q2-update.win32_2.0.0.202105311346/tools/bin/../lib/gcc/arm-none-eabi/9.3.1/../../../../arm-none-eabi/lib/thumb/v7e-m+fp/hard\libc_nano.a(lib_a-strlen.o)
 .ARM.attributes
                0x0000000000000688       0x34 c:/st/stm32cubeide_1.7.0/stm32cubeide/plugins/com.st.stm32cube.ide.mcu.externaltools.gnu-tools-for-stm32.9-2020-q2-update.win32_2.0.0.202105311346/tools/bin/../lib/gcc/arm-none-eabi/9.3.1/../../../../arm-none-eabi/lib/thumb/v7e-m+fp/hard\libc_nano.a(lib_a-nano-svfprintf.o)
 .ARM.attributes
                0x00000000000006bc       0x34 c:/st/stm32cubeide_1.7.0/stm32cubeide/plugins/com.st.stm32cube.ide.mcu.externaltools.gnu-tools-for-stm32.9-2020-q2-update.win32_2.0.0.202105311346/tools/bin/../lib/gcc/arm-none-eabi/9.3.1/../../../../arm-none-eabi/lib/thumb/v7e-m+fp/hard\libc_nano.a(lib_a-nano-vfprintf_i.o)
 .ARM.attributes
                0x00000000000006f0       0x1c c:/st/stm32cubeide_1.7.0/stm32cubeide/plugins/com.st.stm32cube.ide.mcu.externaltools.gnu-tools-for-stm32.9-2020-q2-update.win32_2.0.0.202105311346/tools/bin/../lib/gcc/arm-none-eabi/9.3.1/../../../../arm-none-eabi/lib/thumb/v7e-m+fp/hard\libc_nano.a(lib_a-memchr.o)
 .ARM.attributes
                0x000000000000070c       0x34 c:/st/stm32cubeide_1.7.0/stm32cubeide/plugins/com.st.stm32cube.ide.mcu.externaltools.gnu-tools-for-stm32.9-2020-q2-update.win32_2.0.0.202105311346/tools/bin/../lib/gcc/arm-none-eabi/9.3.1/../../../../arm-none-eabi/lib/thumb/v7e-m+fp/hard\libc_nano.a(lib_a-memmove.o)
 .ARM.attributes
                0x0000000000000740       0x34 c:/st/stm32cubeide_1.7.0/stm32cubeide/plugins/com.st.stm32cube.ide.mcu.externaltools.gnu-tools-for-stm32.9-2020-q2-update.win32_2.0.0.202105311346/tools/bin/../lib/gcc/arm-none-eabi/9.3.1/../../../../arm-none-eabi/lib/thumb/v7e-m+fp/hard\libc_nano.a(lib_a-nano-freer.o)
 .ARM.attributes
                0x0000000000000774       0x34 c:/st/stm32cubeide_1.7.0/stm32cubeide/plugins/com.st.stm32cube.ide.mcu.externaltools.gnu-tools-for-stm32.9-2020-q2-update.win32_2.0.0.202105311346/tools/bin/../lib/gcc/arm-none-eabi/9.3.1/../../../../arm-none-eabi/lib/thumb/v7e-m+fp/hard\libc_nano.a(lib_a-nano-mallocr.o)
 .ARM.attributes
                0x00000000000007a8       0x34 c:/st/stm32cubeide_1.7.0/stm32cubeide/plugins/com.st.stm32cube.ide.mcu.externaltools.gnu-tools-for-stm32.9-2020-q2-update.win32_2.0.0.202105311346/tools/bin/../lib/gcc/arm-none-eabi/9.3.1/../../../../arm-none-eabi/lib/thumb/v7e-m+fp/hard\libc_nano.a(lib_a-nano-reallocr.o)
 .ARM.attributes
                0x00000000000007dc       0x34 c:/st/stm32cubeide_1.7.0/stm32cubeide/plugins/com.st.stm32cube.ide.mcu.externaltools.gnu-tools-for-stm32.9-2020-q2-update.win32_2.0.0.202105311346/tools/bin/../lib/gcc/arm-none-eabi/9.3.1/../../../../arm-none-eabi/lib/thumb/v7e-m+fp/hard\libc_nano.a(lib_a-sbrkr.o)
 .ARM.attributes
                0x0000000000000810       0x34 c:/st/stm32cubeide_1.7.0/stm32cubeide/plugins/com.st.stm32cube.ide.mcu.externaltools.gnu-tools-for-stm32.9-2020-q2-update.win32_2.0.0.202105311346/tools/bin/../lib/gcc/arm-none-eabi/9.3.1/../../../../arm-none-eabi/lib/thumb/v7e-m+fp/hard\libc_nano.a(lib_a-mlock.o)
 .ARM.attributes
                0x0000000000000844       0x34 c:/st/stm32cubeide_1.7.0/stm32cubeide/plugins/com.st.stm32cube.ide.mcu.externaltools.gnu-tools-for-stm32.9-2020-q2-update.win32_2.0.0.202105311346/tools/bin/../lib/gcc/arm-none-eabi/9.3.1/../../../../arm-none-eabi/lib/thumb/v7e-m+fp/hard\libc_nano.a(lib_a-nano-msizer.o)
 .ARM.attributes
                0x0000000000000878       0x34 c:/st/stm32cubeide_1.7.0/stm32cubeide/plugins/com.st.stm32cube.ide.mcu.externaltools.gnu-tools-for-stm32.9-2020-q2-update.win32_2.0.0.202105311346/tools/bin/../lib/gcc/arm-none-eabi/9.3.1/../../../../arm-none-eabi/lib/thumb/v7e-m+fp/hard\libc_nano.a(lib_a-reent.o)
 .ARM.attributes
                0x00000000000008ac       0x34 c:/st/stm32cubeide_1.7.0/stm32cubeide/plugins/com.st.stm32cube.ide.mcu.externaltools.gnu-tools-for-stm32.9-2020-q2-update.win32_2.0.0.202105311346/tools/bin/../lib/gcc/arm-none-eabi/9.3.1/../../../../arm-none-eabi/lib/thumb/v7e-m+fp/hard\libc_nano.a(lib_a-lock.o)
 .ARM.attributes
                0x00000000000008e0       0x1e c:/st/stm32cubeide_1.7.0/stm32cubeide/plugins/com.st.stm32cube.ide.mcu.externaltools.gnu-tools-for-stm32.9-2020-q2-update.win32_2.0.0.202105311346/tools/bin/../lib/gcc/arm-none-eabi/9.3.1/thumb/v7e-m+fp/hard\libgcc.a(_aeabi_uldivmod.o)
 .ARM.attributes
                0x00000000000008fe       0x34 c:/st/stm32cubeide_1.7.0/stm32cubeide/plugins/com.st.stm32cube.ide.mcu.externaltools.gnu-tools-for-stm32.9-2020-q2-update.win32_2.0.0.202105311346/tools/bin/../lib/gcc/arm-none-eabi/9.3.1/thumb/v7e-m+fp/hard\libgcc.a(_udivmoddi4.o)
 .ARM.attributes
                0x0000000000000932       0x1e c:/st/stm32cubeide_1.7.0/stm32cubeide/plugins/com.st.stm32cube.ide.mcu.externaltools.gnu-tools-for-stm32.9-2020-q2-update.win32_2.0.0.202105311346/tools/bin/../lib/gcc/arm-none-eabi/9.3.1/thumb/v7e-m+fp/hard\libgcc.a(_dvmd_tls.o)
 .ARM.attributes
                0x0000000000000950       0x34 c:/st/stm32cubeide_1.7.0/stm32cubeide/plugins/com.st.stm32cube.ide.mcu.externaltools.gnu-tools-for-stm32.9-2020-q2-update.win32_2.0.0.202105311346/tools/bin/../lib/gcc/arm-none-eabi/9.3.1/../../../../arm-none-eabi/lib/thumb/v7e-m+fp/hard\libnosys.a(sbrk.o)
 .ARM.attributes
                0x0000000000000984       0x1e c:/st/stm32cubeide_1.7.0/stm32cubeide/plugins/com.st.stm32cube.ide.mcu.externaltools.gnu-tools-for-stm32.9-2020-q2-update.win32_2.0.0.202105311346/tools/bin/../lib/gcc/arm-none-eabi/9.3.1/thumb/v7e-m+fp/hard/crtn.o
OUTPUT(003FinalProject.elf elf32-littlearm)
LOAD linker stubs
LOAD c:/st/stm32cubeide_1.7.0/stm32cubeide/plugins/com.st.stm32cube.ide.mcu.externaltools.gnu-tools-for-stm32.9-2020-q2-update.win32_2.0.0.202105311346/tools/bin/../lib/gcc/arm-none-eabi/9.3.1/../../../../arm-none-eabi/lib/thumb/v7e-m+fp/hard\libc.a
LOAD c:/st/stm32cubeide_1.7.0/stm32cubeide/plugins/com.st.stm32cube.ide.mcu.externaltools.gnu-tools-for-stm32.9-2020-q2-update.win32_2.0.0.202105311346/tools/bin/../lib/gcc/arm-none-eabi/9.3.1/../../../../arm-none-eabi/lib/thumb/v7e-m+fp/hard\libm.a
LOAD c:/st/stm32cubeide_1.7.0/stm32cubeide/plugins/com.st.stm32cube.ide.mcu.externaltools.gnu-tools-for-stm32.9-2020-q2-update.win32_2.0.0.202105311346/tools/bin/../lib/gcc/arm-none-eabi/9.3.1/thumb/v7e-m+fp/hard\libgcc.a

.debug_info     0x0000000000000000    0x1da68
 .debug_info    0x0000000000000000     0x1506 ./Core/Src/led_effect.o
 .debug_info    0x0000000000001506     0x1efa ./Core/Src/main.o
 .debug_info    0x0000000000003400     0x145d ./Core/Src/rtc.o
 .debug_info    0x000000000000485d     0x1a03 ./Core/Src/stm32f4xx_hal_msp.o
 .debug_info    0x0000000000006260      0xc6c ./Core/Src/stm32f4xx_hal_timebase_tim.o
 .debug_info    0x0000000000006ecc     0x16f8 ./Core/Src/stm32f4xx_it.o
 .debug_info    0x00000000000085c4      0x5a4 ./Core/Src/system_stm32f4xx.o
 .debug_info    0x0000000000008b68     0x15b8 ./Core/Src/task_handler.o
 .debug_info    0x000000000000a120       0x22 ./Core/Startup/startup_stm32f407vgtx.o
 .debug_info    0x000000000000a142      0x9b2 ./Drivers/STM32F4xx_HAL_Driver/Src/stm32f4xx_hal.o
 .debug_info    0x000000000000aaf4      0xed7 ./Drivers/STM32F4xx_HAL_Driver/Src/stm32f4xx_hal_cortex.o
 .debug_info    0x000000000000b9cb      0x9f1 ./Drivers/STM32F4xx_HAL_Driver/Src/stm32f4xx_hal_dma.o
 .debug_info    0x000000000000c3bc      0x83e ./Drivers/STM32F4xx_HAL_Driver/Src/stm32f4xx_hal_gpio.o
 .debug_info    0x000000000000cbfa      0x996 ./Drivers/STM32F4xx_HAL_Driver/Src/stm32f4xx_hal_rcc.o
 .debug_info    0x000000000000d590      0x603 ./Drivers/STM32F4xx_HAL_Driver/Src/stm32f4xx_hal_rcc_ex.o
 .debug_info    0x000000000000db93      0xd41 ./Drivers/STM32F4xx_HAL_Driver/Src/stm32f4xx_hal_rtc.o
 .debug_info    0x000000000000e8d4     0x2c22 ./Drivers/STM32F4xx_HAL_Driver/Src/stm32f4xx_hal_tim.o
 .debug_info    0x00000000000114f6     0x15a2 ./Drivers/STM32F4xx_HAL_Driver/Src/stm32f4xx_hal_tim_ex.o
 .debug_info    0x0000000000012a98     0x31de ./Drivers/STM32F4xx_HAL_Driver/Src/stm32f4xx_hal_uart.o
 .debug_info    0x0000000000015c76      0xb82 ./common/ThirdParty/FreeRTOS/list.o
 .debug_info    0x00000000000167f8     0x1fdf ./common/ThirdParty/FreeRTOS/queue.o
 .debug_info    0x00000000000187d7     0x2a07 ./common/ThirdParty/FreeRTOS/tasks.o
 .debug_info    0x000000000001b1de     0x1567 ./common/ThirdParty/FreeRTOS/timers.o
 .debug_info    0x000000000001c745      0x599 ./common/ThirdParty/FreeRTOS/portable/GCC/ARM_CM4F/port.o
 .debug_info    0x000000000001ccde      0xd8a ./common/ThirdParty/FreeRTOS/portable/MemMang/heap_4.o

.debug_abbrev   0x0000000000000000     0x395f
 .debug_abbrev  0x0000000000000000      0x238 ./Core/Src/led_effect.o
 .debug_abbrev  0x0000000000000238      0x35f ./Core/Src/main.o
 .debug_abbrev  0x0000000000000597      0x1e0 ./Core/Src/rtc.o
 .debug_abbrev  0x0000000000000777      0x23d ./Core/Src/stm32f4xx_hal_msp.o
 .debug_abbrev  0x00000000000009b4      0x1bf ./Core/Src/stm32f4xx_hal_timebase_tim.o
 .debug_abbrev  0x0000000000000b73      0x1f3 ./Core/Src/stm32f4xx_it.o
 .debug_abbrev  0x0000000000000d66      0x145 ./Core/Src/system_stm32f4xx.o
 .debug_abbrev  0x0000000000000eab      0x2c4 ./Core/Src/task_handler.o
 .debug_abbrev  0x000000000000116f       0x12 ./Core/Startup/startup_stm32f407vgtx.o
 .debug_abbrev  0x0000000000001181      0x1ed ./Drivers/STM32F4xx_HAL_Driver/Src/stm32f4xx_hal.o
 .debug_abbrev  0x000000000000136e      0x33c ./Drivers/STM32F4xx_HAL_Driver/Src/stm32f4xx_hal_cortex.o
 .debug_abbrev  0x00000000000016aa      0x259 ./Drivers/STM32F4xx_HAL_Driver/Src/stm32f4xx_hal_dma.o
 .debug_abbrev  0x0000000000001903      0x1f1 ./Drivers/STM32F4xx_HAL_Driver/Src/stm32f4xx_hal_gpio.o
 .debug_abbrev  0x0000000000001af4      0x275 ./Drivers/STM32F4xx_HAL_Driver/Src/stm32f4xx_hal_rcc.o
 .debug_abbrev  0x0000000000001d69      0x18f ./Drivers/STM32F4xx_HAL_Driver/Src/stm32f4xx_hal_rcc_ex.o
 .debug_abbrev  0x0000000000001ef8      0x1e4 ./Drivers/STM32F4xx_HAL_Driver/Src/stm32f4xx_hal_rtc.o
 .debug_abbrev  0x00000000000020dc      0x25e ./Drivers/STM32F4xx_HAL_Driver/Src/stm32f4xx_hal_tim.o
 .debug_abbrev  0x000000000000233a      0x266 ./Drivers/STM32F4xx_HAL_Driver/Src/stm32f4xx_hal_tim_ex.o
 .debug_abbrev  0x00000000000025a0      0x2eb ./Drivers/STM32F4xx_HAL_Driver/Src/stm32f4xx_hal_uart.o
 .debug_abbrev  0x000000000000288b      0x1f7 ./common/ThirdParty/FreeRTOS/list.o
 .debug_abbrev  0x0000000000002a82      0x333 ./common/ThirdParty/FreeRTOS/queue.o
 .debug_abbrev  0x0000000000002db5      0x3a9 ./common/ThirdParty/FreeRTOS/tasks.o
 .debug_abbrev  0x000000000000315e      0x2fd ./common/ThirdParty/FreeRTOS/timers.o
 .debug_abbrev  0x000000000000345b      0x231 ./common/ThirdParty/FreeRTOS/portable/GCC/ARM_CM4F/port.o
 .debug_abbrev  0x000000000000368c      0x2d3 ./common/ThirdParty/FreeRTOS/portable/MemMang/heap_4.o

.debug_aranges  0x0000000000000000     0x1340
 .debug_aranges
                0x0000000000000000       0x50 ./Core/Src/led_effect.o
 .debug_aranges
                0x0000000000000050       0x60 ./Core/Src/main.o
 .debug_aranges
                0x00000000000000b0       0x20 ./Core/Src/rtc.o
 .debug_aranges
                0x00000000000000d0       0x40 ./Core/Src/stm32f4xx_hal_msp.o
 .debug_aranges
                0x0000000000000110       0x30 ./Core/Src/stm32f4xx_hal_timebase_tim.o
 .debug_aranges
                0x0000000000000140       0x58 ./Core/Src/stm32f4xx_it.o
 .debug_aranges
                0x0000000000000198       0x28 ./Core/Src/system_stm32f4xx.o
 .debug_aranges
                0x00000000000001c0       0x50 ./Core/Src/task_handler.o
 .debug_aranges
                0x0000000000000210       0x28 ./Core/Startup/startup_stm32f407vgtx.o
 .debug_aranges
                0x0000000000000238       0xf0 ./Drivers/STM32F4xx_HAL_Driver/Src/stm32f4xx_hal.o
 .debug_aranges
                0x0000000000000328      0x118 ./Drivers/STM32F4xx_HAL_Driver/Src/stm32f4xx_hal_cortex.o
 .debug_aranges
                0x0000000000000440       0x90 ./Drivers/STM32F4xx_HAL_Driver/Src/stm32f4xx_hal_dma.o
 .debug_aranges
                0x00000000000004d0       0x58 ./Drivers/STM32F4xx_HAL_Driver/Src/stm32f4xx_hal_gpio.o
 .debug_aranges
                0x0000000000000528       0x88 ./Drivers/STM32F4xx_HAL_Driver/Src/stm32f4xx_hal_rcc.o
 .debug_aranges
                0x00000000000005b0       0x48 ./Drivers/STM32F4xx_HAL_Driver/Src/stm32f4xx_hal_rcc_ex.o
 .debug_aranges
                0x00000000000005f8       0xe0 ./Drivers/STM32F4xx_HAL_Driver/Src/stm32f4xx_hal_rtc.o
 .debug_aranges
                0x00000000000006d8      0x3d0 ./Drivers/STM32F4xx_HAL_Driver/Src/stm32f4xx_hal_tim.o
 .debug_aranges
                0x0000000000000aa8      0x168 ./Drivers/STM32F4xx_HAL_Driver/Src/stm32f4xx_hal_tim_ex.o
 .debug_aranges
                0x0000000000000c10      0x200 ./Drivers/STM32F4xx_HAL_Driver/Src/stm32f4xx_hal_uart.o
 .debug_aranges
                0x0000000000000e10       0x40 ./common/ThirdParty/FreeRTOS/list.o
 .debug_aranges
                0x0000000000000e50      0x130 ./common/ThirdParty/FreeRTOS/queue.o
 .debug_aranges
                0x0000000000000f80      0x208 ./common/ThirdParty/FreeRTOS/tasks.o
 .debug_aranges
                0x0000000000001188       0xd8 ./common/ThirdParty/FreeRTOS/timers.o
 .debug_aranges
                0x0000000000001260       0x88 ./common/ThirdParty/FreeRTOS/portable/GCC/ARM_CM4F/port.o
 .debug_aranges
                0x00000000000012e8       0x58 ./common/ThirdParty/FreeRTOS/portable/MemMang/heap_4.o

.debug_ranges   0x0000000000000000     0x11e8
 .debug_ranges  0x0000000000000000       0x40 ./Core/Src/led_effect.o
 .debug_ranges  0x0000000000000040       0x50 ./Core/Src/main.o
 .debug_ranges  0x0000000000000090       0x10 ./Core/Src/rtc.o
 .debug_ranges  0x00000000000000a0       0x30 ./Core/Src/stm32f4xx_hal_msp.o
 .debug_ranges  0x00000000000000d0       0x20 ./Core/Src/stm32f4xx_hal_timebase_tim.o
 .debug_ranges  0x00000000000000f0       0x48 ./Core/Src/stm32f4xx_it.o
 .debug_ranges  0x0000000000000138       0x18 ./Core/Src/system_stm32f4xx.o
 .debug_ranges  0x0000000000000150       0x40 ./Core/Src/task_handler.o
 .debug_ranges  0x0000000000000190       0x20 ./Core/Startup/startup_stm32f407vgtx.o
 .debug_ranges  0x00000000000001b0       0xe0 ./Drivers/STM32F4xx_HAL_Driver/Src/stm32f4xx_hal.o
 .debug_ranges  0x0000000000000290      0x108 ./Drivers/STM32F4xx_HAL_Driver/Src/stm32f4xx_hal_cortex.o
 .debug_ranges  0x0000000000000398       0x80 ./Drivers/STM32F4xx_HAL_Driver/Src/stm32f4xx_hal_dma.o
 .debug_ranges  0x0000000000000418       0x48 ./Drivers/STM32F4xx_HAL_Driver/Src/stm32f4xx_hal_gpio.o
 .debug_ranges  0x0000000000000460       0x78 ./Drivers/STM32F4xx_HAL_Driver/Src/stm32f4xx_hal_rcc.o
 .debug_ranges  0x00000000000004d8       0x38 ./Drivers/STM32F4xx_HAL_Driver/Src/stm32f4xx_hal_rcc_ex.o
 .debug_ranges  0x0000000000000510       0xd0 ./Drivers/STM32F4xx_HAL_Driver/Src/stm32f4xx_hal_rtc.o
 .debug_ranges  0x00000000000005e0      0x3c0 ./Drivers/STM32F4xx_HAL_Driver/Src/stm32f4xx_hal_tim.o
 .debug_ranges  0x00000000000009a0      0x158 ./Drivers/STM32F4xx_HAL_Driver/Src/stm32f4xx_hal_tim_ex.o
 .debug_ranges  0x0000000000000af8      0x220 ./Drivers/STM32F4xx_HAL_Driver/Src/stm32f4xx_hal_uart.o
 .debug_ranges  0x0000000000000d18       0x30 ./common/ThirdParty/FreeRTOS/list.o
 .debug_ranges  0x0000000000000d48      0x120 ./common/ThirdParty/FreeRTOS/queue.o
 .debug_ranges  0x0000000000000e68      0x1f8 ./common/ThirdParty/FreeRTOS/tasks.o
 .debug_ranges  0x0000000000001060       0xc8 ./common/ThirdParty/FreeRTOS/timers.o
 .debug_ranges  0x0000000000001128       0x78 ./common/ThirdParty/FreeRTOS/portable/GCC/ARM_CM4F/port.o
 .debug_ranges  0x00000000000011a0       0x48 ./common/ThirdParty/FreeRTOS/portable/MemMang/heap_4.o

.debug_macro    0x0000000000000000    0x24628
 .debug_macro   0x0000000000000000      0x409 ./Core/Src/led_effect.o
 .debug_macro   0x0000000000000409      0xaa8 ./Core/Src/led_effect.o
 .debug_macro   0x0000000000000eb1      0x2a1 ./Core/Src/led_effect.o
 .debug_macro   0x0000000000001152       0x2e ./Core/Src/led_effect.o
 .debug_macro   0x0000000000001180       0x2f ./Core/Src/led_effect.o
 .debug_macro   0x00000000000011af       0x22 ./Core/Src/led_effect.o
 .debug_macro   0x00000000000011d1       0x8e ./Core/Src/led_effect.o
 .debug_macro   0x000000000000125f       0x51 ./Core/Src/led_effect.o
 .debug_macro   0x00000000000012b0      0x103 ./Core/Src/led_effect.o
 .debug_macro   0x00000000000013b3       0x6a ./Core/Src/led_effect.o
 .debug_macro   0x000000000000141d      0x1df ./Core/Src/led_effect.o
 .debug_macro   0x00000000000015fc       0x1c ./Core/Src/led_effect.o
 .debug_macro   0x0000000000001618       0x22 ./Core/Src/led_effect.o
 .debug_macro   0x000000000000163a       0xdf ./Core/Src/led_effect.o
 .debug_macro   0x0000000000001719     0x102d ./Core/Src/led_effect.o
 .debug_macro   0x0000000000002746      0x11f ./Core/Src/led_effect.o
 .debug_macro   0x0000000000002865    0x15e58 ./Core/Src/led_effect.o
 .debug_macro   0x00000000000186bd       0x6d ./Core/Src/led_effect.o
 .debug_macro   0x000000000001872a     0x3666 ./Core/Src/led_effect.o
 .debug_macro   0x000000000001bd90      0x174 ./Core/Src/led_effect.o
 .debug_macro   0x000000000001bf04       0x5c ./Core/Src/led_effect.o
 .debug_macro   0x000000000001bf60      0x96b ./Core/Src/led_effect.o
 .debug_macro   0x000000000001c8cb      0x9fe ./Core/Src/led_effect.o
 .debug_macro   0x000000000001d2c9      0x116 ./Core/Src/led_effect.o
 .debug_macro   0x000000000001d3df      0x13e ./Core/Src/led_effect.o
 .debug_macro   0x000000000001d51d       0xa5 ./Core/Src/led_effect.o
 .debug_macro   0x000000000001d5c2      0x174 ./Core/Src/led_effect.o
 .debug_macro   0x000000000001d736      0x287 ./Core/Src/led_effect.o
 .debug_macro   0x000000000001d9bd       0x5f ./Core/Src/led_effect.o
 .debug_macro   0x000000000001da1c      0x236 ./Core/Src/led_effect.o
 .debug_macro   0x000000000001dc52      0x12c ./Core/Src/led_effect.o
 .debug_macro   0x000000000001dd7e      0x21e ./Core/Src/led_effect.o
 .debug_macro   0x000000000001df9c       0x2e ./Core/Src/led_effect.o
 .debug_macro   0x000000000001dfca      0x11a ./Core/Src/led_effect.o
 .debug_macro   0x000000000001e0e4       0x7e ./Core/Src/led_effect.o
 .debug_macro   0x000000000001e162       0x89 ./Core/Src/led_effect.o
 .debug_macro   0x000000000001e1eb      0x31a ./Core/Src/led_effect.o
 .debug_macro   0x000000000001e505      0x405 ./Core/Src/led_effect.o